node.exe : [0m[7m[1m[32m 
PASS [39m[22m[27m[0m [2m
src/utils/[22m[1mretry.test
.js[22m
At C:\Users\pc\AppData\Roamin
g\npm\npx.ps1:24 char:5
+     & "node$exe"  "$basedir
/node_modules/npm/bin/npx-cli
.js" $args
+     ~~~~~~~~~~~~~~~~~~~~~~~
~~~~~~~~~~~~~~~~~~~~~~~~~~~~~
~~~~~~~~~~
    + CategoryInfo           
   : NotSpecified: ([0m[7  
  m[1m[3...ry.test.js[2   
 2m:String) [], RemoteExc    
eption
    + FullyQualifiedErrorId  
   : NativeCommandError
 
[0m[7m[1m[31m FAIL 
[39m[22m[27m[0m [2msrc/_
_tests__/[22m[1mvalidate.te
st.js[22m 
([0m[1m[41m5.026 
s[49m[22m[0m)
  [1mΓùÅ [22mConsole

    [2m[31mconsole.error[3
9m[22m
[31m      Response 
validation failed: 
undefined[39m
[2m[22m
[2m    [0m [90m 48 |[39m 
            } 
[36mcatch[39m (error) 
{[22m
[2m     [90m 49 |[39m     
            [36mif[39m 
(error [36minstanceof[39m 
[33mZodError[39m) {[22m
[2m    [31m[1m>[22m[2m[
39m[90m 50 |[39m           
          console[33m.[39me
rror([32m'Response 
validation 
failed:'[39m[33m,[39m erro
r[33m.[39merrors)[33m;[39
m[22m
[2m     [90m    |[39m     
                        
[31m[1m^[22m[2m[39m[22m
[2m     [90m 51 |[39m     
                
[36mreturn[39m originalJson
[33m.[39mcall([36mthis[39
m[33m.[39mstatus([35m500[
39m)[33m,[39m { 
error[33m:[39m 
[32m'Internal server error: 
Response validation 
failed'[39m 
})[33m;[39m[22m
[2m     [90m 52 |[39m     
            }[22m
[2m     [90m 53 |[39m     
            [90m// In rare 
cases where another error 
happens, just 
throw[39m[0m[22m
[2m[22m
[2m      [2mat error ([22m
[2msrc/middleware/validate.j
s[2m:50:29)[22m[2m[22m
[2m      [2mat 
Object.<anonymous> ([22m[2m
node_modules/expect/build/ind
ex.js[2m:1824:9)[22m[2m[2
2m
[2m      [2mat 
Object.throwingMatcher [as 
toThrow] ([22m[2mnode_modul
es/expect/build/index.js[2m:
2235:93)[22m[2m[22m
[2m      [2mat 
Object.toThrow ([22m[2m[0m
[36msrc/__tests__/validate.t
est.js[39m[0m[2m:72:34)[2
2m[2m[22m

[1m[31m  [1mΓùÅ 
[22m[1mValidation 
Middleware ΓÇ║ 
validateRequest ΓÇ║ should 
return 400 with details if 
data is invalid[39m[22m

    [2mexpect([22m[31mjest
.fn()[39m[2m).[22mtoHaveBe
enCalledWith[2m([22m[32m..
.expected[39m[2m)[22m

    Expected: 
[32mObjectContaining 
{"details": Any<Array>, 
"error": "Invalid request 
data"}[39m
    Received: 
[31m{"details": undefined, 
"error": "Invalid request 
data"}[39m

    Number of calls: 
[31m1[39m
[2m[22m
[2m    [0m [90m 45 
|[39m[22m
[2m     [90m 46 |[39m     
        expect(res[33m.[39m
status)[33m.[39mtoHaveBeenC
alledWith([35m400[39m)[33m
;[39m[22m
[2m    [31m[1m>[22m[2m[
39m[90m 47 |[39m           
  expect(res[33m.[39mjson)
[33m.[39mtoHaveBeenCalledWit
h(expect[33m.[39mobjectCont
aining({[22m
[2m     [90m    |[39m     
                         
[31m[1m^[22m[2m[39m[22m
[2m     [90m 48 |[39m     
            error[33m:[39m 
[32m'Invalid request 
data'[39m[33m,[39m[22m
[2m     [90m 49 |[39m     
            
details[33m:[39m expect[33
m.[39many([33mArray[39m)[
22m
[2m     [90m 50 |[39m     
        
}))[33m;[39m[0m[22m
[2m[22m
[2m      [2mat 
Object.toHaveBeenCalledWith (
[22m[2m[0m[36msrc/__tests
__/validate.test.js[39m[0m
[2m:47:30)[22m[2m[22m

[1m[31m  [1mΓùÅ 
[22m[1mValidation 
Middleware ΓÇ║ 
validateResponse ΓÇ║ should 
proxy res.json to send a 
valid response[39m[22m

    [2mexpect([22m[31mrece
ived[39m[2m).[22mnot[2m.
[22mtoThrow[2m()[22m

    Error name:    
[31m"TypeError"[39m
    Error message: 
[31m"this.status is not a 
function"[39m

        [0m [90m 49 |[39m 
                [36mif[39m 
(error [36minstanceof[39m 
[33mZodError[39m) {
         [90m 50 |[39m     
                console[33m.
[39merror([32m'Response 
validation 
failed:'[39m[33m,[39m erro
r[33m.[39merrors)[33m;[39
m
        
[31m[1m>[22m[39m[90m 51 
|[39m                     
[36mreturn[39m originalJson
[33m.[39mcall([36mthis[39
m[33m.[39mstatus([35m500[
39m)[33m,[39m { 
error[33m:[39m 
[32m'Internal server error: 
Response validation 
failed'[39m })[33m;[39m
         [90m    |[39m     
                             
                 
[31m[1m^[22m[39m
         [90m 52 |[39m     
            }
         [90m 53 |[39m     
            [90m// In rare 
cases where another error 
happens, just throw[39m
         [90m 54 |[39m     
            [36mreturn[39m 
originalJson[33m.[39mcall(
[36mthis[39m[33m.[39mstatu
s([35m500[39m)[33m,[39m 
{ error[33m:[39m 
[32m'Internal server 
error'[39m })[33m;[39m[0m

          [2mat status ([22
msrc/middleware/validate.js[
2m:51:51)[22m
          [2mat 
Object.<anonymous> ([22mnode
_modules/expect/build/index.j
s[2m:1824:9)[22m
          [2mat 
Object.throwingMatcher [as 
toThrow] ([22mnode_modules/e
xpect/build/index.js[2m:2235
:93)[22m
          [2mat 
Object.toThrow ([22msrc/__te
sts__/validate.test.js[2m:72
:34)[22m
[2m[22m
[2m    [0m [90m 70 
|[39m[22m
[2m     [90m 71 |[39m     
        res[33m.[39mjson({ 
msg[33m:[39m [32m'success'
[39m[33m,[39m 
val[33m:[39m [35m100[39m 
})[33m;[39m[22m
[2m    [31m[1m>[22m[2m[
39m[90m 72 |[39m           
  expect(res[33m.[39mjson)
[33m.[39mnot[33m.[39mtoThr
ow()[33m;[39m[22m
[2m     [90m    |[39m     
                             
[31m[1m^[22m[2m[39m[22m
[2m     [90m 73 |[39m     
    })[33m;[39m[22m
[2m     [90m 74 |[39m[22m
[2m     [90m 75 |[39m     
    it([32m'should return 
500 if outbound response 
does not match 
schema'[39m[33m,[39m () 
[33m=>[39m {[0m[22m
[2m[22m
[2m      [2mat 
Object.toThrow ([22m[2m[0m
[36msrc/__tests__/validate.t
est.js[39m[0m[2m:72:34)[2
2m[2m[22m

[0m[7m[1m[32m PASS 
[39m[22m[27m[0m [2msrc/_
_tests__/[22m[1mdeprecation
.test.js[22m 
([0m[1m[41m6.495 
s[49m[22m[0m)
[0m[7m[1m[32m PASS 
[39m[22m[27m[0m [2mtests
/unit/[22m[1masyncHandler.t
est.js[22m 
([0m[1m[41m6.85 
s[49m[22m[0m)
  [1mΓùÅ [22mConsole

    [2m[31mconsole.error[3
9m[22m
[31m      Error: Test 
error[39m
[31m          at C:\Users\pc
\Documents\waves\Liquifact-ba
ckend\tests\unit\asyncHandler
.test.js:27:17[39m
[31m          at fn (C:\User
s\pc\Documents\waves\Liquifac
t-backend\src\utils\asyncHand
ler.js:10:21)[39m
[31m          at 
Layer.handleRequest (C:\Users
\pc\Documents\waves\Liquifact
-backend\node_modules\router\
lib\layer.js:152:17)[39m
[31m          at next (C:\Us
ers\pc\Documents\waves\Liquif
act-backend\node_modules\rout
er\lib\route.js:157:13)[39m
[31m          at 
Route.dispatch (C:\Users\pc\D
ocuments\waves\Liquifact-back
end\node_modules\router\lib\r
oute.js:117:3)[39m
[31m          at handle (C:\
Users\pc\Documents\waves\Liqu
ifact-backend\node_modules\ro
uter\index.js:435:11)[39m
[31m          at 
Layer.handleRequest (C:\Users
\pc\Documents\waves\Liquifact
-backend\node_modules\router\
lib\layer.js:152:17)[39m
[31m          at C:\Users\pc
\Documents\waves\Liquifact-ba
ckend\node_modules\router\ind
ex.js:295:15[39m
[31m          at 
processParams (C:\Users\pc\Do
cuments\waves\Liquifact-backe
nd\node_modules\router\index.
js:582:12)[39m
[31m          at next (C:\Us
ers\pc\Documents\waves\Liquif
act-backend\node_modules\rout
er\index.js:291:5)[39m
[31m          at read (C:\Us
ers\pc\Documents\waves\Liquif
act-backend\node_modules\body
-parser\lib\read.js:53:5)[39
m
[31m          at jsonParser 
(C:\Users\pc\Documents\waves\
Liquifact-backend\node_module
s\body-parser\lib\types\json.
js:88:5)[39m
[31m          at 
Layer.handleRequest (C:\Users
\pc\Documents\waves\Liquifact
-backend\node_modules\router\
lib\layer.js:152:17)[39m
[31m          at trimPrefix 
(C:\Users\pc\Documents\waves\
Liquifact-backend\node_module
s\router\index.js:342:13)[39
m
[31m          at C:\Users\pc
\Documents\waves\Liquifact-ba
ckend\node_modules\router\ind
ex.js:297:9[39m
[31m          at 
processParams (C:\Users\pc\Do
cuments\waves\Liquifact-backe
nd\node_modules\router\index.
js:582:12)[39m
[31m          at next (C:\Us
ers\pc\Documents\waves\Liquif
act-backend\node_modules\rout
er\index.js:291:5)[39m
[31m          at 
Function.handle (C:\Users\pc\
Documents\waves\Liquifact-bac
kend\node_modules\router\inde
x.js:186:3)[39m
[31m          at 
Function.handle (C:\Users\pc\
Documents\waves\Liquifact-bac
kend\node_modules\express\lib
\application.js:177:15)[39m
[31m          at Server.app 
(C:\Users\pc\Documents\waves\
Liquifact-backend\node_module
s\express\lib\express.js:38:9
)[39m
[31m          at 
Server.emit 
(node:events:519:28)[39m
[31m          at 
parserOnIncoming (node:_http_
server:1186:12)[39m
[31m          at HTTPParser.
parserOnHeadersComplete (node
:_http_common:122:17)[39m
[2m[22m
[2m    [0m [90m 4 |[39m 
[90m */[39m[22m
[2m     [90m 5 |[39m 
[36mconst[39m errorHandler 
[33m=[39m (err[33m,[39m 
req[33m,[39m 
res[33m,[39m _next) 
[33m=>[39m {[22m
[2m    [31m[1m>[22m[2m[
39m[90m 6 |[39m   console[
33m.[39merror(err)[33m;[39
m[22m
[2m     [90m   |[39m      
     
[31m[1m^[22m[2m[39m[22m
[2m     [90m 7 |[39m[22m
[2m     [90m 8 |[39m   
[36mconst[39m statusCode 
[33m=[39m 
err[33m.[39mstatusCode 
[33m||[39m 
[35m500[39m[33m;[39m[22m
[2m     [90m 9 
|[39m[0m[22m
[2m[22m
[2m      [2mat error ([22m
[2msrc/middleware/errorHandl
er.js[2m:6:11)[22m[2m[22m
[2m      [2mat 
Layer.handleError ([22m[2mn
ode_modules/router/lib/layer.
js[2m:116:17)[22m[2m[22m
[2m      [2mat trimPrefix (
[22m[2mnode_modules/router/
index.js[2m:340:13)[22m[2m
[22m
[2m      [2mat [22m[2mnod
e_modules/router/index.js[2m
:297:9[22m[2m[22m
[2m      [2mat 
processParams ([22m[2mnode_
modules/router/index.js[2m:5
82:12)[22m[2m[22m
[2m      [2mat next ([22m
[2mnode_modules/router/index.
js[2m:291:5)[22m[2m[22m
[2m      [2mat next ([22m
[2mnode_modules/router/lib/ro
ute.js[2m:132:14)[22m[2m[
22m

    [2m[31mconsole.error[3
9m[22m
[31m      Error: 
Rejected[39m
[31m          at C:\Users\pc
\Documents\waves\Liquifact-ba
ckend\tests\unit\asyncHandler
.test.js:43:49[39m
[31m          at fn (C:\User
s\pc\Documents\waves\Liquifac
t-backend\src\utils\asyncHand
ler.js:10:21)[39m
[31m          at 
Layer.handleRequest (C:\Users
\pc\Documents\waves\Liquifact
-backend\node_modules\router\
lib\layer.js:152:17)[39m
[31m          at next (C:\Us
ers\pc\Documents\waves\Liquif
act-backend\node_modules\rout
er\lib\route.js:157:13)[39m
[31m          at 
Route.dispatch (C:\Users\pc\D
ocuments\waves\Liquifact-back
end\node_modules\router\lib\r
oute.js:117:3)[39m
[31m          at handle (C:\
Users\pc\Documents\waves\Liqu
ifact-backend\node_modules\ro
uter\index.js:435:11)[39m
[31m          at 
Layer.handleRequest (C:\Users
\pc\Documents\waves\Liquifact
-backend\node_modules\router\
lib\layer.js:152:17)[39m
[31m          at C:\Users\pc
\Documents\waves\Liquifact-ba
ckend\node_modules\router\ind
ex.js:295:15[39m
[31m          at 
processParams (C:\Users\pc\Do
cuments\waves\Liquifact-backe
nd\node_modules\router\index.
js:582:12)[39m
[31m          at next (C:\Us
ers\pc\Documents\waves\Liquif
act-backend\node_modules\rout
er\index.js:291:5)[39m
[31m          at read (C:\Us
ers\pc\Documents\waves\Liquif
act-backend\node_modules\body
-parser\lib\read.js:53:5)[39
m
[31m          at jsonParser 
(C:\Users\pc\Documents\waves\
Liquifact-backend\node_module
s\body-parser\lib\types\json.
js:88:5)[39m
[31m          at 
Layer.handleRequest (C:\Users
\pc\Documents\waves\Liquifact
-backend\node_modules\router\
lib\layer.js:152:17)[39m
[31m          at trimPrefix 
(C:\Users\pc\Documents\waves\
Liquifact-backend\node_module
s\router\index.js:342:13)[39
m
[31m          at C:\Users\pc
\Documents\waves\Liquifact-ba
ckend\node_modules\router\ind
ex.js:297:9[39m
[31m          at 
processParams (C:\Users\pc\Do
cuments\waves\Liquifact-backe
nd\node_modules\router\index.
js:582:12)[39m
[31m          at next (C:\Us
ers\pc\Documents\waves\Liquif
act-backend\node_modules\rout
er\index.js:291:5)[39m
[31m          at 
Function.handle (C:\Users\pc\
Documents\waves\Liquifact-bac
kend\node_modules\router\inde
x.js:186:3)[39m
[31m          at 
Function.handle (C:\Users\pc\
Documents\waves\Liquifact-bac
kend\node_modules\express\lib
\application.js:177:15)[39m
[31m          at Server.app 
(C:\Users\pc\Documents\waves\
Liquifact-backend\node_module
s\express\lib\express.js:38:9
)[39m
[31m          at 
Server.emit 
(node:events:519:28)[39m
[31m          at 
parserOnIncoming (node:_http_
server:1186:12)[39m
[31m          at HTTPParser.
parserOnHeadersComplete (node
:_http_common:122:17)[39m
[2m[22m
[2m    [0m [90m 4 |[39m 
[90m */[39m[22m
[2m     [90m 5 |[39m 
[36mconst[39m errorHandler 
[33m=[39m (err[33m,[39m 
req[33m,[39m 
res[33m,[39m _next) 
[33m=>[39m {[22m
[2m    [31m[1m>[22m[2m[
39m[90m 6 |[39m   console[
33m.[39merror(err)[33m;[39
m[22m
[2m     [90m   |[39m      
     
[31m[1m^[22m[2m[39m[22m
[2m     [90m 7 |[39m[22m
[2m     [90m 8 |[39m   
[36mconst[39m statusCode 
[33m=[39m 
err[33m.[39mstatusCode 
[33m||[39m 
[35m500[39m[33m;[39m[22m
[2m     [90m 9 
|[39m[0m[22m
[2m[22m
[2m      [2mat error ([22m
[2msrc/middleware/errorHandl
er.js[2m:6:11)[22m[2m[22m
[2m      [2mat 
Layer.handleError ([22m[2mn
ode_modules/router/lib/layer.
js[2m:116:17)[22m[2m[22m
[2m      [2mat trimPrefix (
[22m[2mnode_modules/router/
index.js[2m:340:13)[22m[2m
[22m
[2m      [2mat [22m[2mnod
e_modules/router/index.js[2m
:297:9[22m[2m[22m
[2m      [2mat 
processParams ([22m[2mnode_
modules/router/index.js[2m:5
82:12)[22m[2m[22m
[2m      [2mat next ([22m
[2mnode_modules/router/index.
js[2m:291:5)[22m[2m[22m
[2m      [2mat next ([22m
[2mnode_modules/router/lib/ro
ute.js[2m:132:14)[22m[2m[
22m

[0m[7m[1m[32m PASS 
[39m[22m[27m[0m [2mtests
/[22m[1mapp.test.js[22m
  [1mΓùÅ [22mConsole

    [2m[31mconsole.error[3
9m[22m
[31m      Error: Boom[39m
[31m          at C:\Users\pc
\Documents\waves\Liquifact-ba
ckend\tests\app.test.js:20:11
[39m
[31m          at fn (C:\User
s\pc\Documents\waves\Liquifac
t-backend\src\utils\asyncHand
ler.js:10:21)[39m
[31m          at 
Layer.handleRequest (C:\Users
\pc\Documents\waves\Liquifact
-backend\node_modules\router\
lib\layer.js:152:17)[39m
[31m          at next (C:\Us
ers\pc\Documents\waves\Liquif
act-backend\node_modules\rout
er\lib\route.js:157:13)[39m
[31m          at 
Route.dispatch (C:\Users\pc\D
ocuments\waves\Liquifact-back
end\node_modules\router\lib\r
oute.js:117:3)[39m
[31m          at handle (C:\
Users\pc\Documents\waves\Liqu
ifact-backend\node_modules\ro
uter\index.js:435:11)[39m
[31m          at 
Layer.handleRequest (C:\Users
\pc\Documents\waves\Liquifact
-backend\node_modules\router\
lib\layer.js:152:17)[39m
[31m          at C:\Users\pc
\Documents\waves\Liquifact-ba
ckend\node_modules\router\ind
ex.js:295:15[39m
[31m          at 
processParams (C:\Users\pc\Do
cuments\waves\Liquifact-backe
nd\node_modules\router\index.
js:582:12)[39m
[31m          at next (C:\Us
ers\pc\Documents\waves\Liquif
act-backend\node_modules\rout
er\index.js:291:5)[39m
[31m          at read (C:\Us
ers\pc\Documents\waves\Liquif
act-backend\node_modules\body
-parser\lib\read.js:53:5)[39
m
[31m          at jsonParser 
(C:\Users\pc\Documents\waves\
Liquifact-backend\node_module
s\body-parser\lib\types\json.
js:88:5)[39m
[31m          at 
Layer.handleRequest (C:\Users
\pc\Documents\waves\Liquifact
-backend\node_modules\router\
lib\layer.js:152:17)[39m
[31m          at trimPrefix 
(C:\Users\pc\Documents\waves\
Liquifact-backend\node_module
s\router\index.js:342:13)[39
m
[31m          at C:\Users\pc
\Documents\waves\Liquifact-ba
ckend\node_modules\router\ind
ex.js:297:9[39m
[31m          at 
processParams (C:\Users\pc\Do
cuments\waves\Liquifact-backe
nd\node_modules\router\index.
js:582:12)[39m
[31m          at next (C:\Us
ers\pc\Documents\waves\Liquif
act-backend\node_modules\rout
er\index.js:291:5)[39m
[31m          at 
Function.handle (C:\Users\pc\
Documents\waves\Liquifact-bac
kend\node_modules\router\inde
x.js:186:3)[39m
[31m          at 
Function.handle (C:\Users\pc\
Documents\waves\Liquifact-bac
kend\node_modules\express\lib
\application.js:177:15)[39m
[31m          at Server.app 
(C:\Users\pc\Documents\waves\
Liquifact-backend\node_module
s\express\lib\express.js:38:9
)[39m
[31m          at 
Server.emit 
(node:events:519:28)[39m
[31m          at 
parserOnIncoming (node:_http_
server:1186:12)[39m
[31m          at HTTPParser.
parserOnHeadersComplete (node
:_http_common:122:17)[39m
[2m[22m
[2m    [0m [90m 4 |[39m 
[90m */[39m[22m
[2m     [90m 5 |[39m 
[36mconst[39m errorHandler 
[33m=[39m (err[33m,[39m 
req[33m,[39m 
res[33m,[39m _next) 
[33m=>[39m {[22m
[2m    [31m[1m>[22m[2m[
39m[90m 6 |[39m   console[
33m.[39merror(err)[33m;[39
m[22m
[2m     [90m   |[39m      
     
[31m[1m^[22m[2m[39m[22m
[2m     [90m 7 |[39m[22m
[2m     [90m 8 |[39m   
[36mconst[39m statusCode 
[33m=[39m 
err[33m.[39mstatusCode 
[33m||[39m 
[35m500[39m[33m;[39m[22m
[2m     [90m 9 
|[39m[0m[22m
[2m[22m
[2m      [2mat error ([22m
[2msrc/middleware/errorHandl
er.js[2m:6:11)[22m[2m[22m
[2m      [2mat 
Layer.handleError ([22m[2mn
ode_modules/router/lib/layer.
js[2m:116:17)[22m[2m[22m
[2m      [2mat trimPrefix (
[22m[2mnode_modules/router/
index.js[2m:340:13)[22m[2m
[22m
[2m      [2mat [22m[2mnod
e_modules/router/index.js[2m
:297:9[22m[2m[22m
[2m      [2mat 
processParams ([22m[2mnode_
modules/router/index.js[2m:5
82:12)[22m[2m[22m
[2m      [2mat next ([22m
[2mnode_modules/router/index.
js[2m:291:5)[22m[2m[22m
[2m      [2mat next ([22m
[2mnode_modules/router/lib/ro
ute.js[2m:132:14)[22m[2m[
22m

[0m[7m[1m[32m PASS 
[39m[22m[27m[0m [2msrc/s
ervices/[22m[1msoroban.test
.js[22m
[0m[7m[1m[32m PASS 
[39m[22m[27m[0m [2mtests
/unit/[22m[1merrorHandler.t
est.js[22m
  [1mΓùÅ [22mConsole

    [2m[31mconsole.error[3
9m[22m
[31m      Error: Boom[39m
[31m          at C:\Users\pc
\Documents\waves\Liquifact-ba
ckend\tests\unit\errorHandler
.test.js:8:15[39m
[31m          at 
Layer.handleRequest (C:\Users
\pc\Documents\waves\Liquifact
-backend\node_modules\router\
lib\layer.js:152:17)[39m
[31m          at next (C:\Us
ers\pc\Documents\waves\Liquif
act-backend\node_modules\rout
er\lib\route.js:157:13)[39m
[31m          at 
Route.dispatch (C:\Users\pc\D
ocuments\waves\Liquifact-back
end\node_modules\router\lib\r
oute.js:117:3)[39m
[31m          at handle (C:\
Users\pc\Documents\waves\Liqu
ifact-backend\node_modules\ro
uter\index.js:435:11)[39m
[31m          at 
Layer.handleRequest (C:\Users
\pc\Documents\waves\Liquifact
-backend\node_modules\router\
lib\layer.js:152:17)[39m
[31m          at C:\Users\pc
\Documents\waves\Liquifact-ba
ckend\node_modules\router\ind
ex.js:295:15[39m
[31m          at 
processParams (C:\Users\pc\Do
cuments\waves\Liquifact-backe
nd\node_modules\router\index.
js:582:12)[39m
[31m          at next (C:\Us
ers\pc\Documents\waves\Liquif
act-backend\node_modules\rout
er\index.js:291:5)[39m
[31m          at read (C:\Us
ers\pc\Documents\waves\Liquif
act-backend\node_modules\body
-parser\lib\read.js:53:5)[39
m
[31m          at jsonParser 
(C:\Users\pc\Documents\waves\
Liquifact-backend\node_module
s\body-parser\lib\types\json.
js:88:5)[39m
[31m          at 
Layer.handleRequest (C:\Users
\pc\Documents\waves\Liquifact
-backend\node_modules\router\
lib\layer.js:152:17)[39m
[31m          at trimPrefix 
(C:\Users\pc\Documents\waves\
Liquifact-backend\node_module
s\router\index.js:342:13)[39
m
[31m          at C:\Users\pc
\Documents\waves\Liquifact-ba
ckend\node_modules\router\ind
ex.js:297:9[39m
[31m          at 
processParams (C:\Users\pc\Do
cuments\waves\Liquifact-backe
nd\node_modules\router\index.
js:582:12)[39m
[31m          at next (C:\Us
ers\pc\Documents\waves\Liquif
act-backend\node_modules\rout
er\index.js:291:5)[39m
[31m          at 
Function.handle (C:\Users\pc\
Documents\waves\Liquifact-bac
kend\node_modules\router\inde
x.js:186:3)[39m
[31m          at 
Function.handle (C:\Users\pc\
Documents\waves\Liquifact-bac
kend\node_modules\express\lib
\application.js:177:15)[39m
[31m          at Server.app 
(C:\Users\pc\Documents\waves\
Liquifact-backend\node_module
s\express\lib\express.js:38:9
)[39m
[31m          at 
Server.emit 
(node:events:519:28)[39m
[31m          at 
parserOnIncoming (node:_http_
server:1186:12)[39m
[31m          at HTTPParser.
parserOnHeadersComplete (node
:_http_common:122:17)[39m
[2m[22m
[2m    [0m [90m 4 |[39m 
[90m */[39m[22m
[2m     [90m 5 |[39m 
[36mconst[39m errorHandler 
[33m=[39m (err[33m,[39m 
req[33m,[39m 
res[33m,[39m _next) 
[33m=>[39m {[22m
[2m    [31m[1m>[22m[2m[
39m[90m 6 |[39m   console[
33m.[39merror(err)[33m;[39
m[22m
[2m     [90m   |[39m      
     
[31m[1m^[22m[2m[39m[22m
[2m     [90m 7 |[39m[22m
[2m     [90m 8 |[39m   
[36mconst[39m statusCode 
[33m=[39m 
err[33m.[39mstatusCode 
[33m||[39m 
[35m500[39m[33m;[39m[22m
[2m     [90m 9 
|[39m[0m[22m
[2m[22m
[2m      [2mat error ([22m
[2msrc/middleware/errorHandl
er.js[2m:6:11)[22m[2m[22m
[2m      [2mat 
Layer.handleError ([22m[2mn
ode_modules/router/lib/layer.
js[2m:116:17)[22m[2m[22m
[2m      [2mat trimPrefix (
[22m[2mnode_modules/router/
index.js[2m:340:13)[22m[2m
[22m
[2m      [2mat [22m[2mnod
e_modules/router/index.js[2m
:297:9[22m[2m[22m
[2m      [2mat 
processParams ([22m[2mnode_
modules/router/index.js[2m:5
82:12)[22m[2m[22m
[2m      [2mat next ([22m
[2mnode_modules/router/index.
js[2m:291:5)[22m[2m[22m
[2m      [2mat next ([22m
[2mnode_modules/router/lib/ro
ute.js[2m:132:14)[22m[2m[
22m
[2m      [2mat 
Layer.handleRequest ([22m[2
mnode_modules/router/lib/laye
r.js[2m:165:5)[22m[2m[22m
[2m      [2mat next ([22m
[2mnode_modules/router/lib/ro
ute.js[2m:157:13)[22m[2m[
22m
[2m      [2mat 
Route.dispatch ([22m[2mnode
_modules/router/lib/route.js
[2m:117:3)[22m[2m[22m
[2m      [2mat handle ([22
m[2mnode_modules/router/inde
x.js[2m:435:11)[22m[2m[22
m
[2m      [2mat 
Layer.handleRequest ([22m[2
mnode_modules/router/lib/laye
r.js[2m:152:17)[22m[2m[22
m
[2m      [2mat [22m[2mnod
e_modules/router/index.js[2m
:295:15[22m[2m[22m
[2m      [2mat 
processParams ([22m[2mnode_
modules/router/index.js[2m:5
82:12)[22m[2m[22m
[2m      [2mat next ([22m
[2mnode_modules/router/index.
js[2m:291:5)[22m[2m[22m
[2m      [2mat read ([22m
[2mnode_modules/body-parser/l
ib/read.js[2m:53:5)[22m[2m
[22m
[2m      [2mat jsonParser (
[22m[2mnode_modules/body-pa
rser/lib/types/json.js[2m:88
:5)[22m[2m[22m
[2m      [2mat 
Layer.handleRequest ([22m[2
mnode_modules/router/lib/laye
r.js[2m:152:17)[22m[2m[22
m
[2m      [2mat trimPrefix (
[22m[2mnode_modules/router/
index.js[2m:342:13)[22m[2m
[22m
[2m      [2mat [22m[2mnod
e_modules/router/index.js[2m
:297:9[22m[2m[22m
[2m      [2mat 
processParams ([22m[2mnode_
modules/router/index.js[2m:5
82:12)[22m[2m[22m
[2m      [2mat next ([22m
[2mnode_modules/router/index.
js[2m:291:5)[22m[2m[22m
[2m      [2mat 
Function.handle ([22m[2mnod
e_modules/router/index.js[2m
:186:3)[22m[2m[22m
[2m      [2mat 
Function.handle ([22m[2mnod
e_modules/express/lib/applica
tion.js[2m:177:15)[22m[2m
[22m
[2m      [2mat Server.app (
[22m[2mnode_modules/express
/lib/express.js[2m:38:9)[22
m[2m[22m

    [2m[31mconsole.error[3
9m[22m
[31m      Error: Bad 
Request[39m
[31m          at C:\Users\pc
\Documents\waves\Liquifact-ba
ckend\tests\unit\errorHandler
.test.js:21:21[39m
[31m          at 
Layer.handleRequest (C:\Users
\pc\Documents\waves\Liquifact
-backend\node_modules\router\
lib\layer.js:152:17)[39m
[31m          at next (C:\Us
ers\pc\Documents\waves\Liquif
act-backend\node_modules\rout
er\lib\route.js:157:13)[39m
[31m          at 
Route.dispatch (C:\Users\pc\D
ocuments\waves\Liquifact-back
end\node_modules\router\lib\r
oute.js:117:3)[39m
[31m          at handle (C:\
Users\pc\Documents\waves\Liqu
ifact-backend\node_modules\ro
uter\index.js:435:11)[39m
[31m          at 
Layer.handleRequest (C:\Users
\pc\Documents\waves\Liquifact
-backend\node_modules\router\
lib\layer.js:152:17)[39m
[31m          at C:\Users\pc
\Documents\waves\Liquifact-ba
ckend\node_modules\router\ind
ex.js:295:15[39m
[31m          at 
processParams (C:\Users\pc\Do
cuments\waves\Liquifact-backe
nd\node_modules\router\index.
js:582:12)[39m
[31m          at next (C:\Us
ers\pc\Documents\waves\Liquif
act-backend\node_modules\rout
er\index.js:291:5)[39m
[31m          at read (C:\Us
ers\pc\Documents\waves\Liquif
act-backend\node_modules\body
-parser\lib\read.js:53:5)[39
m
[31m          at jsonParser 
(C:\Users\pc\Documents\waves\
Liquifact-backend\node_module
s\body-parser\lib\types\json.
js:88:5)[39m
[31m          at 
Layer.handleRequest (C:\Users
\pc\Documents\waves\Liquifact
-backend\node_modules\router\
lib\layer.js:152:17)[39m
[31m          at trimPrefix 
(C:\Users\pc\Documents\waves\
Liquifact-backend\node_module
s\router\index.js:342:13)[39
m
[31m          at C:\Users\pc
\Documents\waves\Liquifact-ba
ckend\node_modules\router\ind
ex.js:297:9[39m
[31m          at 
processParams (C:\Users\pc\Do
cuments\waves\Liquifact-backe
nd\node_modules\router\index.
js:582:12)[39m
[31m          at next (C:\Us
ers\pc\Documents\waves\Liquif
act-backend\node_modules\rout
er\index.js:291:5)[39m
[31m          at 
Function.handle (C:\Users\pc\
Documents\waves\Liquifact-bac
kend\node_modules\router\inde
x.js:186:3)[39m
[31m          at 
Function.handle (C:\Users\pc\
Documents\waves\Liquifact-bac
kend\node_modules\express\lib
\application.js:177:15)[39m
[31m          at Server.app 
(C:\Users\pc\Documents\waves\
Liquifact-backend\node_module
s\express\lib\express.js:38:9
)[39m
[31m          at 
Server.emit 
(node:events:519:28)[39m
[31m          at 
parserOnIncoming (node:_http_
server:1186:12)[39m
[31m          at HTTPParser.
parserOnHeadersComplete 
(node:_http_common:122:17) 
{[39m
[31m        statusCode: 
400[39m
[31m      }[39m
[2m[22m
[2m    [0m [90m 4 |[39m 
[90m */[39m[22m
[2m     [90m 5 |[39m 
[36mconst[39m errorHandler 
[33m=[39m (err[33m,[39m 
req[33m,[39m 
res[33m,[39m _next) 
[33m=>[39m {[22m
[2m    [31m[1m>[22m[2m[
39m[90m 6 |[39m   console[
33m.[39merror(err)[33m;[39
m[22m
[2m     [90m   |[39m      
     
[31m[1m^[22m[2m[39m[22m
[2m     [90m 7 |[39m[22m
[2m     [90m 8 |[39m   
[36mconst[39m statusCode 
[33m=[39m 
err[33m.[39mstatusCode 
[33m||[39m 
[35m500[39m[33m;[39m[22m
[2m     [90m 9 
|[39m[0m[22m
[2m[22m
[2m      [2mat error ([22m
[2msrc/middleware/errorHandl
er.js[2m:6:11)[22m[2m[22m
[2m      [2mat 
Layer.handleError ([22m[2mn
ode_modules/router/lib/layer.
js[2m:116:17)[22m[2m[22m
[2m      [2mat trimPrefix (
[22m[2mnode_modules/router/
index.js[2m:340:13)[22m[2m
[22m
[2m      [2mat [22m[2mnod
e_modules/router/index.js[2m
:297:9[22m[2m[22m
[2m      [2mat 
processParams ([22m[2mnode_
modules/router/index.js[2m:5
82:12)[22m[2m[22m
[2m      [2mat next ([22m
[2mnode_modules/router/index.
js[2m:291:5)[22m[2m[22m
[2m      [2mat next ([22m
[2mnode_modules/router/lib/ro
ute.js[2m:132:14)[22m[2m[
22m
[2m      [2mat 
Layer.handleRequest ([22m[2
mnode_modules/router/lib/laye
r.js[2m:165:5)[22m[2m[22m
[2m      [2mat next ([22m
[2mnode_modules/router/lib/ro
ute.js[2m:157:13)[22m[2m[
22m
[2m      [2mat 
Route.dispatch ([22m[2mnode
_modules/router/lib/route.js
[2m:117:3)[22m[2m[22m
[2m      [2mat handle ([22
m[2mnode_modules/router/inde
x.js[2m:435:11)[22m[2m[22
m
[2m      [2mat 
Layer.handleRequest ([22m[2
mnode_modules/router/lib/laye
r.js[2m:152:17)[22m[2m[22
m
[2m      [2mat [22m[2mnod
e_modules/router/index.js[2m
:295:15[22m[2m[22m
[2m      [2mat 
processParams ([22m[2mnode_
modules/router/index.js[2m:5
82:12)[22m[2m[22m
[2m      [2mat next ([22m
[2mnode_modules/router/index.
js[2m:291:5)[22m[2m[22m
[2m      [2mat read ([22m
[2mnode_modules/body-parser/l
ib/read.js[2m:53:5)[22m[2m
[22m
[2m      [2mat jsonParser (
[22m[2mnode_modules/body-pa
rser/lib/types/json.js[2m:88
:5)[22m[2m[22m
[2m      [2mat 
Layer.handleRequest ([22m[2
mnode_modules/router/lib/laye
r.js[2m:152:17)[22m[2m[22
m
[2m      [2mat trimPrefix (
[22m[2mnode_modules/router/
index.js[2m:342:13)[22m[2m
[22m
[2m      [2mat [22m[2mnod
e_modules/router/index.js[2m
:297:9[22m[2m[22m
[2m      [2mat 
processParams ([22m[2mnode_
modules/router/index.js[2m:5
82:12)[22m[2m[22m
[2m      [2mat next ([22m
[2mnode_modules/router/index.
js[2m:291:5)[22m[2m[22m
[2m      [2mat 
Function.handle ([22m[2mnod
e_modules/router/index.js[2m
:186:3)[22m[2m[22m
[2m      [2mat 
Function.handle ([22m[2mnod
e_modules/express/lib/applica
tion.js[2m:177:15)[22m[2m
[22m
[2m      [2mat Server.app (
[22m[2mnode_modules/express
/lib/express.js[2m:38:9)[22
m[2m[22m

    [2m[31mconsole.error[3
9m[22m
[31m      Error: 
Sensitive[39m
[31m          at C:\Users\pc
\Documents\waves\Liquifact-ba
ckend\tests\unit\errorHandler
.test.js:38:15[39m
[31m          at 
Layer.handleRequest (C:\Users
\pc\Documents\waves\Liquifact
-backend\node_modules\router\
lib\layer.js:152:17)[39m
[31m          at next (C:\Us
ers\pc\Documents\waves\Liquif
act-backend\node_modules\rout
er\lib\route.js:157:13)[39m
[31m          at 
Route.dispatch (C:\Users\pc\D
ocuments\waves\Liquifact-back
end\node_modules\router\lib\r
oute.js:117:3)[39m
[31m          at handle (C:\
Users\pc\Documents\waves\Liqu
ifact-backend\node_modules\ro
uter\index.js:435:11)[39m
[31m          at 
Layer.handleRequest (C:\Users
\pc\Documents\waves\Liquifact
-backend\node_modules\router\
lib\layer.js:152:17)[39m
[31m          at C:\Users\pc
\Documents\waves\Liquifact-ba
ckend\node_modules\router\ind
ex.js:295:15[39m
[31m          at 
processParams (C:\Users\pc\Do
cuments\waves\Liquifact-backe
nd\node_modules\router\index.
js:582:12)[39m
[31m          at next (C:\Us
ers\pc\Documents\waves\Liquif
act-backend\node_modules\rout
er\index.js:291:5)[39m
[31m          at read (C:\Us
ers\pc\Documents\waves\Liquif
act-backend\node_modules\body
-parser\lib\read.js:53:5)[39
m
[31m          at jsonParser 
(C:\Users\pc\Documents\waves\
Liquifact-backend\node_module
s\body-parser\lib\types\json.
js:88:5)[39m
[31m          at 
Layer.handleRequest (C:\Users
\pc\Documents\waves\Liquifact
-backend\node_modules\router\
lib\layer.js:152:17)[39m
[31m          at trimPrefix 
(C:\Users\pc\Documents\waves\
Liquifact-backend\node_module
s\router\index.js:342:13)[39
m
[31m          at C:\Users\pc
\Documents\waves\Liquifact-ba
ckend\node_modules\router\ind
ex.js:297:9[39m
[31m          at 
processParams (C:\Users\pc\Do
cuments\waves\Liquifact-backe
nd\node_modules\router\index.
js:582:12)[39m
[31m          at next (C:\Us
ers\pc\Documents\waves\Liquif
act-backend\node_modules\rout
er\index.js:291:5)[39m
[31m          at 
Function.handle (C:\Users\pc\
Documents\waves\Liquifact-bac
kend\node_modules\router\inde
x.js:186:3)[39m
[31m          at 
Function.handle (C:\Users\pc\
Documents\waves\Liquifact-bac
kend\node_modules\express\lib
\application.js:177:15)[39m
[31m          at Server.app 
(C:\Users\pc\Documents\waves\
Liquifact-backend\node_module
s\express\lib\express.js:38:9
)[39m
[31m          at 
Server.emit 
(node:events:519:28)[39m
[31m          at 
parserOnIncoming (node:_http_
server:1186:12)[39m
[31m          at HTTPParser.
parserOnHeadersComplete (node
:_http_common:122:17)[39m
[2m[22m
[2m    [0m [90m 4 |[39m 
[90m */[39m[22m
[2m     [90m 5 |[39m 
[36mconst[39m errorHandler 
[33m=[39m (err[33m,[39m 
req[33m,[39m 
res[33m,[39m _next) 
[33m=>[39m {[22m
[2m    [31m[1m>[22m[2m[
39m[90m 6 |[39m   console[
33m.[39merror(err)[33m;[39
m[22m
[2m     [90m   |[39m      
     
[31m[1m^[22m[2m[39m[22m
[2m     [90m 7 |[39m[22m
[2m     [90m 8 |[39m   
[36mconst[39m statusCode 
[33m=[39m 
err[33m.[39mstatusCode 
[33m||[39m 
[35m500[39m[33m;[39m[22m
[2m     [90m 9 
|[39m[0m[22m
[2m[22m
[2m      [2mat error ([22m
[2msrc/middleware/errorHandl
er.js[2m:6:11)[22m[2m[22m
[2m      [2mat 
Layer.handleError ([22m[2mn
ode_modules/router/lib/layer.
js[2m:116:17)[22m[2m[22m
[2m      [2mat trimPrefix (
[22m[2mnode_modules/router/
index.js[2m:340:13)[22m[2m
[22m
[2m      [2mat [22m[2mnod
e_modules/router/index.js[2m
:297:9[22m[2m[22m
[2m      [2mat 
processParams ([22m[2mnode_
modules/router/index.js[2m:5
82:12)[22m[2m[22m
[2m      [2mat next ([22m
[2mnode_modules/router/index.
js[2m:291:5)[22m[2m[22m
[2m      [2mat next ([22m
[2mnode_modules/router/lib/ro
ute.js[2m:132:14)[22m[2m[
22m
[2m      [2mat 
Layer.handleRequest ([22m[2
mnode_modules/router/lib/laye
r.js[2m:165:5)[22m[2m[22m
[2m      [2mat next ([22m
[2mnode_modules/router/lib/ro
ute.js[2m:157:13)[22m[2m[
22m
[2m      [2mat 
Route.dispatch ([22m[2mnode
_modules/router/lib/route.js
[2m:117:3)[22m[2m[22m
[2m      [2mat handle ([22
m[2mnode_modules/router/inde
x.js[2m:435:11)[22m[2m[22
m
[2m      [2mat 
Layer.handleRequest ([22m[2
mnode_modules/router/lib/laye
r.js[2m:152:17)[22m[2m[22
m
[2m      [2mat [22m[2mnod
e_modules/router/index.js[2m
:295:15[22m[2m[22m
[2m      [2mat 
processParams ([22m[2mnode_
modules/router/index.js[2m:5
82:12)[22m[2m[22m
[2m      [2mat next ([22m
[2mnode_modules/router/index.
js[2m:291:5)[22m[2m[22m
[2m      [2mat read ([22m
[2mnode_modules/body-parser/l
ib/read.js[2m:53:5)[22m[2m
[22m
[2m      [2mat jsonParser (
[22m[2mnode_modules/body-pa
rser/lib/types/json.js[2m:88
:5)[22m[2m[22m
[2m      [2mat 
Layer.handleRequest ([22m[2
mnode_modules/router/lib/laye
r.js[2m:152:17)[22m[2m[22
m
[2m      [2mat trimPrefix (
[22m[2mnode_modules/router/
index.js[2m:342:13)[22m[2m
[22m
[2m      [2mat [22m[2mnod
e_modules/router/index.js[2m
:297:9[22m[2m[22m
[2m      [2mat 
processParams ([22m[2mnode_
modules/router/index.js[2m:5
82:12)[22m[2m[22m
[2m      [2mat next ([22m
[2mnode_modules/router/index.
js[2m:291:5)[22m[2m[22m
[2m      [2mat 
Function.handle ([22m[2mnod
e_modules/router/index.js[2m
:186:3)[22m[2m[22m
[2m      [2mat 
Function.handle ([22m[2mnod
e_modules/express/lib/applica
tion.js[2m:177:15)[22m[2m
[22m
[2m      [2mat Server.app (
[22m[2mnode_modules/express
/lib/express.js[2m:38:9)[22
m[2m[22m

[0m[7m[1m[32m PASS 
[39m[22m[27m[0m [2msrc/c
onfig/[22m[1mcors.test.js[
22m
[0m[7m[1m[32m PASS 
[39m[22m[27m[0m [2msrc/
[22m[1mapp.test.js[22m
  [1mΓùÅ [22mConsole

    [2mconsole.log[22m
      [dotenv@17.3.1] 
injecting env (0) from .env 
-- tip: ΓÜÖ∩╕Å  enable debug 
logging with { debug: true }
[2m[22m
[2m      [2mat _log ([22m
[2mnode_modules/dotenv/lib/ma
in.js[2m:139:11)[22m[2m[2
2m

[0m[7m[1m[32m PASS 
[39m[22m[27m[0m [2msrc/_
_tests__/[22m[1mauth.test.j
s[22m ([0m[1m[41m10.202 
s[49m[22m[0m)
  [1mΓùÅ [22mConsole

    [2mconsole.log[22m
      [dotenv@17.3.1] 
injecting env (0) from .env 
-- tip: ≡ƒöÉ prevent 
committing .env to code: 
https://dotenvx.com/precommit
[2m[22m
[2m      [2mat _log ([22m
[2mnode_modules/dotenv/lib/ma
in.js[2m:139:11)[22m[2m[2
2m

[0m[7m[1m[32m PASS 
[39m[22m[27m[0m [2msrc/_
_tests__/[22m[1mrateLimit.t
est.js[22m 
([0m[1m[41m10.414 
s[49m[22m[0m)
  [1mΓùÅ [22mConsole

    [2mconsole.log[22m
      [dotenv@17.3.1] 
injecting env (0) from .env 
-- tip: ≡ƒöÉ encrypt with 
Dotenvx: https://dotenvx.com
[2m[22m
[2m      [2mat _log ([22m
[2mnode_modules/dotenv/lib/ma
in.js[2m:139:11)[22m[2m[2
2m

[0m[7m[1m[31m FAIL 
[39m[22m[27m[0m [2msrc/
[22m[1mindex.test.js[22m 
([0m[1m[41m11.206 
s[49m[22m[0m)
  [1mΓùÅ [22mConsole

    [2mconsole.log[22m
      [dotenv@17.3.1] 
injecting env (0) from .env 
-- tip: ≡ƒöÉ prevent 
building .env in docker: 
https://dotenvx.com/prebuild
[2m[22m
[2m      [2mat _log ([22m
[2mnode_modules/dotenv/lib/ma
in.js[2m:139:11)[22m[2m[2
2m

    [2m[33mconsole.warn[39
m[22m
[33m      LiquiFact API 
running at 
http://localhost:3001[39m
[2m[22m
[2m    [0m [90m 255 
|[39m [36mconst[39m 
startServer [33m=[39m () 
[33m=>[39m {[22m
[2m     [90m 256 |[39m   
[36mconst[39m server 
[33m=[39m app[33m.[39mlis
ten([33mPORT[39m[33m,[39m
 () [33m=>[39m {[22m
[2m    [31m[1m>[22m[2m[
39m[90m 257 |[39m     conso
le[33m.[39mwarn([32m`Liqui
Fact API running at http://lo
calhost:${PORT}`[39m)[33m;
[39m[22m
[2m     [90m     |[39m    
         
[31m[1m^[22m[2m[39m[22m
[2m     [90m 258 |[39m   
})[33m;[39m[22m
[2m     [90m 259 |[39m   
[36mreturn[39m 
server[33m;[39m[22m
[2m     [90m 260 |[39m 
}[33m;[39m[0m[22m
[2m[22m
[2m      [2mat warn ([22m
[2msrc/index.js[2m:257:13)[
22m[2m[22m
[2m      [2mat Function.cb 
([22m[2m[0m[36msrc/index.
test.js[39m[0m[2m:143:19)
[22m[2m[22m
[2m      [2mat listen ([22
m[2msrc/index.js[2m:256:22)
[22m[2m[22m
[2m      [2mat 
Object.startServer ([22m[2m
[0m[36msrc/index.test.js[3
9m[0m[2m:147:22)[22m[2m[
22m

[1m[31m  [1mΓùÅ 
[22m[1mLiquiFact API ΓÇ║ 
Invoices Lifecycle ΓÇ║ PATCH 
/api/invoices/:id/restore - 
restores a deleted 
invoice[39m[22m

    TypeError: Cannot read 
properties of undefined 
(reading 'id')
[2m[22m
[2m    [0m [90m 91 |[39m 
    it([32m'PATCH 
/api/invoices/:id/restore - 
restores a deleted 
invoice'[39m[33m,[39m 
[36masync[39m () 
[33m=>[39m {[22m
[2m     [90m 92 |[39m     
  [36mconst[39m postRes 
[33m=[39m [36mawait[39m r
equest(app)[33m.[39mpost([
32m'/api/invoices'[39m)[33m
.[39m[36mset[39m([32m'Aut
horization'[39m[33m,[39m 
[32m`Bearer ${validToken}`[
39m)[33m.[39msend({ 
amount[33m:[39m 
[35m100[39m[33m,[39m 
customer[33m:[39m 
[32m'X'[39m 
})[33m;[39m[22m
[2m    [31m[1m>[22m[2m[
39m[90m 93 |[39m       
[36mconst[39m id 
[33m=[39m postRes[33m.[39
mbody[33m.[39mdata[33m.[3
9mid[33m;[39m[22m
[2m     [90m    |[39m     
                             
  
[31m[1m^[22m[2m[39m[22m
[2m     [90m 94 |[39m     
  [36mawait[39m request(app
)[33m.[39m[36mdelete[39m(
[32m`/api/invoices/${id}`[3
9m)[33m.[39m[36mset[39m(
[32m'Authorization'[39m[33m
,[39m [32m`Bearer ${validTo
ken}`[39m)[33m;[39m[22m
[2m     [90m 95 |[39m[22m
[2m     [90m 96 |[39m     
  [36mconst[39m restoreRes 
[33m=[39m [36mawait[39m r
equest(app)[33m.[39mpatch(
[32m`/api/invoices/${id}/rest
ore`[39m)[33m.[39m[36mset
[39m([32m'Authorization'[3
9m[33m,[39m [32m`Bearer ${
validToken}`[39m)[33m;[39m
[0m[22m
[2m[22m
[2m      [2mat Object.id (
[22m[2m[0m[36msrc/index.te
st.js[39m[0m[2m:93:36)[22
m[2m[22m

[1m[31m  [1mΓùÅ 
[22m[1mLiquiFact API ΓÇ║ 
Invoices Lifecycle ΓÇ║ PATCH 
/api/invoices/:id/restore - 
fails for non-existent or 
not deleted[39m[22m

    [2mexpect([22m[31mrece
ived[39m[2m).[22mtoBe[2m(
[22m[32mexpected[39m[2m) 
// Object.is equality[22m

    Expected: [32m404[39m
    Received: [31m429[39m
[2m[22m
[2m    [0m [90m 104 
|[39m     it([32m'PATCH 
/api/invoices/:id/restore - 
fails for non-existent or 
not deleted'[39m[33m,[39m 
[36masync[39m () 
[33m=>[39m {[22m
[2m     [90m 105 |[39m    
   [36mconst[39m res404 
[33m=[39m [36mawait[39m r
equest(app)[33m.[39mpatch(
[32m'/api/invoices/nonexisten
t/restore'[39m)[33m.[39m[
36mset[39m([32m'Authorizati
on'[39m[33m,[39m 
[32m`Bearer ${validToken}`[
39m)[33m;[39m[22m
[2m    [31m[1m>[22m[2m[
39m[90m 106 |[39m       exp
ect(res404[33m.[39mstatus)
[33m.[39mtoBe([35m404[39m)
[33m;[39m[22m
[2m     [90m     |[39m    
                         
[31m[1m^[22m[2m[39m[22m
[2m     [90m 107 
|[39m[22m
[2m     [90m 108 |[39m    
   [36mconst[39m postRes 
[33m=[39m [36mawait[39m r
equest(app)[33m.[39mpost([
32m'/api/invoices'[39m)[33m
.[39m[36mset[39m([32m'Aut
horization'[39m[33m,[39m 
[32m`Bearer ${validToken}`[
39m)[33m.[39msend({ 
amount[33m:[39m 
[35m100[39m[33m,[39m 
customer[33m:[39m 
[32m'X'[39m 
})[33m;[39m[22m
[2m     [90m 109 |[39m    
   [36mconst[39m id 
[33m=[39m postRes[33m.[39
mbody[33m.[39mdata[33m.[3
9mid[33m;[39m[0m[22m
[2m[22m
[2m      [2mat Object.toBe 
([22m[2m[0m[36msrc/index.
test.js[39m[0m[2m:106:29)
[22m[2m[22m

[1mTest Suites: 
[22m[1m[31m2 
failed[39m[22m, 
[1m[32m10 
passed[39m[22m, 12 total
[1mTests:       
[22m[1m[31m4 
failed[39m[22m, 
[1m[32m72 
passed[39m[22m, 76 total
[1mSnapshots:   [22m0 total
[1mTime:[22m        
[1m[33m13.375 s[39m[22m
[2mRan all test 
suites[22m[2m.[22m
