
> backend@1.0.0 test
> jest

node.exe : PASS src/__tests__
/deprecation.test.js
At C:\Users\pc\AppData\Roamin
g\npm\npm.ps1:24 char:5
+     & "node$exe"  "$basedir
/node_modules/npm/bin/npm-cli
.js" $args
+     ~~~~~~~~~~~~~~~~~~~~~~~
~~~~~~~~~~~~~~~~~~~~~~~~~~~~~
~~~~~~~~~~
    + CategoryInfo           
   : NotSpecified: (PASS sr  
  c/__tests__/deprecation.   
 test.js:String) [], Remo    
teException
    + FullyQualifiedErrorId  
   : NativeCommandError
 
PASS tests/unit/asyncHandler.
test.js
  ΓùÅ Console

    console.error
      Error: Test error
          at C:\Users\pc\Docu
ments\waves\Liquifact-backend
\tests\unit\asyncHandler.test
.js:27:17
          at fn (C:\Users\pc\
Documents\waves\Liquifact-bac
kend\src\utils\asyncHandler.j
s:10:21)
          at 
Layer.handleRequest (C:\Users
\pc\Documents\waves\Liquifact
-backend\node_modules\router\
lib\layer.js:152:17)
          at next (C:\Users\p
c\Documents\waves\Liquifact-b
ackend\node_modules\router\li
b\route.js:157:13)
          at Route.dispatch (
C:\Users\pc\Documents\waves\L
iquifact-backend\node_modules
\router\lib\route.js:117:3)
          at handle (C:\Users
\pc\Documents\waves\Liquifact
-backend\node_modules\router\
index.js:435:11)
          at 
Layer.handleRequest (C:\Users
\pc\Documents\waves\Liquifact
-backend\node_modules\router\
lib\layer.js:152:17)
          at C:\Users\pc\Docu
ments\waves\Liquifact-backend
\node_modules\router\index.js
:295:15
          at processParams (C
:\Users\pc\Documents\waves\Li
quifact-backend\node_modules\
router\index.js:582:12)
          at next (C:\Users\p
c\Documents\waves\Liquifact-b
ackend\node_modules\router\in
dex.js:291:5)
          at read (C:\Users\p
c\Documents\waves\Liquifact-b
ackend\node_modules\body-pars
er\lib\read.js:53:5)
          at jsonParser (C:\U
sers\pc\Documents\waves\Liqui
fact-backend\node_modules\bod
y-parser\lib\types\json.js:88
:5)
          at 
Layer.handleRequest (C:\Users
\pc\Documents\waves\Liquifact
-backend\node_modules\router\
lib\layer.js:152:17)
          at trimPrefix (C:\U
sers\pc\Documents\waves\Liqui
fact-backend\node_modules\rou
ter\index.js:342:13)
          at C:\Users\pc\Docu
ments\waves\Liquifact-backend
\node_modules\router\index.js
:297:9
          at processParams (C
:\Users\pc\Documents\waves\Li
quifact-backend\node_modules\
router\index.js:582:12)
          at next (C:\Users\p
c\Documents\waves\Liquifact-b
ackend\node_modules\router\in
dex.js:291:5)
          at Function.handle 
(C:\Users\pc\Documents\waves\
Liquifact-backend\node_module
s\router\index.js:186:3)
          at Function.handle 
(C:\Users\pc\Documents\waves\
Liquifact-backend\node_module
s\express\lib\application.js:
177:15)
          at Server.app (C:\U
sers\pc\Documents\waves\Liqui
fact-backend\node_modules\exp
ress\lib\express.js:38:9)
          at Server.emit 
(node:events:519:28)
          at 
parserOnIncoming 
(node:_http_server:1186:12)
          at HTTPParser.parse
rOnHeadersComplete 
(node:_http_common:122:17)

    [0m [90m 4 |[39m 
[90m */[39m
     [90m 5 |[39m 
[36mconst[39m errorHandler 
[33m=[39m (err[33m,[39m 
req[33m,[39m 
res[33m,[39m _next) 
[33m=>[39m {
    
[31m[1m>[22m[39m[90m 6 
|[39m   console[33m.[39mer
ror(err)[33m;[39m
     [90m   |[39m          
 [31m[1m^[22m[39m
     [90m 7 |[39m
     [90m 8 |[39m   
[36mconst[39m statusCode 
[33m=[39m 
err[33m.[39mstatusCode 
[33m||[39m 
[35m500[39m[33m;[39m
     [90m 9 |[39m[0m

      at error (src/middlewar
e/errorHandler.js:6:11)
      at Layer.handleError (n
ode_modules/router/lib/layer.
js:116:17)
      at trimPrefix (node_mod
ules/router/index.js:340:13)
      at node_modules/router/
index.js:297:9
      at processParams (node_
modules/router/index.js:582:1
2)
      at next (node_modules/r
outer/index.js:291:5)
      at next (node_modules/r
outer/lib/route.js:132:14)

    console.error
      Error: Rejected
          at C:\Users\pc\Docu
ments\waves\Liquifact-backend
\tests\unit\asyncHandler.test
.js:43:49
          at fn (C:\Users\pc\
Documents\waves\Liquifact-bac
kend\src\utils\asyncHandler.j
s:10:21)
          at 
Layer.handleRequest (C:\Users
\pc\Documents\waves\Liquifact
-backend\node_modules\router\
lib\layer.js:152:17)
          at next (C:\Users\p
c\Documents\waves\Liquifact-b
ackend\node_modules\router\li
b\route.js:157:13)
          at Route.dispatch (
C:\Users\pc\Documents\waves\L
iquifact-backend\node_modules
\router\lib\route.js:117:3)
          at handle (C:\Users
\pc\Documents\waves\Liquifact
-backend\node_modules\router\
index.js:435:11)
          at 
Layer.handleRequest (C:\Users
\pc\Documents\waves\Liquifact
-backend\node_modules\router\
lib\layer.js:152:17)
          at C:\Users\pc\Docu
ments\waves\Liquifact-backend
\node_modules\router\index.js
:295:15
          at processParams (C
:\Users\pc\Documents\waves\Li
quifact-backend\node_modules\
router\index.js:582:12)
          at next (C:\Users\p
c\Documents\waves\Liquifact-b
ackend\node_modules\router\in
dex.js:291:5)
          at read (C:\Users\p
c\Documents\waves\Liquifact-b
ackend\node_modules\body-pars
er\lib\read.js:53:5)
          at jsonParser (C:\U
sers\pc\Documents\waves\Liqui
fact-backend\node_modules\bod
y-parser\lib\types\json.js:88
:5)
          at 
Layer.handleRequest (C:\Users
\pc\Documents\waves\Liquifact
-backend\node_modules\router\
lib\layer.js:152:17)
          at trimPrefix (C:\U
sers\pc\Documents\waves\Liqui
fact-backend\node_modules\rou
ter\index.js:342:13)
          at C:\Users\pc\Docu
ments\waves\Liquifact-backend
\node_modules\router\index.js
:297:9
          at processParams (C
:\Users\pc\Documents\waves\Li
quifact-backend\node_modules\
router\index.js:582:12)
          at next (C:\Users\p
c\Documents\waves\Liquifact-b
ackend\node_modules\router\in
dex.js:291:5)
          at Function.handle 
(C:\Users\pc\Documents\waves\
Liquifact-backend\node_module
s\router\index.js:186:3)
          at Function.handle 
(C:\Users\pc\Documents\waves\
Liquifact-backend\node_module
s\express\lib\application.js:
177:15)
          at Server.app (C:\U
sers\pc\Documents\waves\Liqui
fact-backend\node_modules\exp
ress\lib\express.js:38:9)
          at Server.emit 
(node:events:519:28)
          at 
parserOnIncoming 
(node:_http_server:1186:12)
          at HTTPParser.parse
rOnHeadersComplete 
(node:_http_common:122:17)

    [0m [90m 4 |[39m 
[90m */[39m
     [90m 5 |[39m 
[36mconst[39m errorHandler 
[33m=[39m (err[33m,[39m 
req[33m,[39m 
res[33m,[39m _next) 
[33m=>[39m {
    
[31m[1m>[22m[39m[90m 6 
|[39m   console[33m.[39mer
ror(err)[33m;[39m
     [90m   |[39m          
 [31m[1m^[22m[39m
     [90m 7 |[39m
     [90m 8 |[39m   
[36mconst[39m statusCode 
[33m=[39m 
err[33m.[39mstatusCode 
[33m||[39m 
[35m500[39m[33m;[39m
     [90m 9 |[39m[0m

      at error (src/middlewar
e/errorHandler.js:6:11)
      at Layer.handleError (n
ode_modules/router/lib/layer.
js:116:17)
      at trimPrefix (node_mod
ules/router/index.js:340:13)
      at node_modules/router/
index.js:297:9
      at processParams (node_
modules/router/index.js:582:1
2)
      at next (node_modules/r
outer/index.js:291:5)
      at next (node_modules/r
outer/lib/route.js:132:14)

PASS src/app.test.js
  ΓùÅ Console

    console.log
      [dotenv@17.3.1] 
injecting env (0) from .env 
-- tip: ΓÜÖ∩╕Å  suppress all 
logs with { quiet: true }

      at _log (node_modules/d
otenv/lib/main.js:139:11)

FAIL src/__tests__/validate.t
est.js
  ΓùÅ Console

    console.error
      Response validation 
failed: undefined

    [0m [90m 48 |[39m     
        } [36mcatch[39m 
(error) {
     [90m 49 |[39m         
        [36mif[39m (error 
[36minstanceof[39m 
[33mZodError[39m) {
    
[31m[1m>[22m[39m[90m 50 
|[39m                     co
nsole[33m.[39merror([32m'R
esponse validation 
failed:'[39m[33m,[39m erro
r[33m.[39merrors)[33m;[39
m
     [90m    |[39m         
                    
[31m[1m^[22m[39m
     [90m 51 |[39m         
            [36mreturn[39m 
originalJson[33m.[39mcall(
[36mthis[39m[33m.[39mstatu
s([35m500[39m)[33m,[39m 
{ error[33m:[39m 
[32m'Internal server error: 
Response validation 
failed'[39m })[33m;[39m
     [90m 52 |[39m         
        }
     [90m 53 |[39m         
        [90m// In rare 
cases where another error 
happens, just throw[39m[0m

      at error (src/middlewar
e/validate.js:50:29)
      at Object.<anonymous> (
node_modules/expect/build/ind
ex.js:1824:9)
      at 
Object.throwingMatcher [as 
toThrow] (node_modules/expect
/build/index.js:2235:93)
      at Object.toThrow (src/
__tests__/validate.test.js:72
:34)

  ΓùÅ Validation Middleware 
ΓÇ║ validateRequest ΓÇ║ 
should return 400 with 
details if data is invalid

    expect(jest.fn()).toHaveB
eenCalledWith(...expected)

    Expected: 
ObjectContaining {"details": 
Any<Array>, "error": 
"Invalid request data"}
    Received: {"details": 
undefined, "error": "Invalid 
request data"}

    Number of calls: 1

    [0m [90m 45 |[39m
     [90m 46 |[39m         
    expect(res[33m.[39mstat
us)[33m.[39mtoHaveBeenCalle
dWith([35m400[39m)[33m;[3
9m
    
[31m[1m>[22m[39m[90m 47 
|[39m             expect(res
[33m.[39mjson)[33m.[39mto
HaveBeenCalledWith(expect[33
m.[39mobjectContaining({
     [90m    |[39m         
                     
[31m[1m^[22m[39m
     [90m 48 |[39m         
        error[33m:[39m 
[32m'Invalid request 
data'[39m[33m,[39m
     [90m 49 |[39m         
        details[33m:[39m ex
pect[33m.[39many([33mArray
[39m)
     [90m 50 |[39m         
    }))[33m;[39m[0m

      at 
Object.toHaveBeenCalledWith (
src/__tests__/validate.test.j
s:47:30)

  ΓùÅ Validation Middleware 
ΓÇ║ validateResponse ΓÇ║ 
should proxy res.json to 
send a valid response

    expect(received).not.toTh
row()

    Error name:    
"TypeError"
    Error message: 
"this.status is not a 
function"

        [0m [90m 49 |[39m 
                [36mif[39m 
(error [36minstanceof[39m 
[33mZodError[39m) {
         [90m 50 |[39m     
                console[33m.
[39merror([32m'Response 
validation 
failed:'[39m[33m,[39m erro
r[33m.[39merrors)[33m;[39
m
        
[31m[1m>[22m[39m[90m 51 
|[39m                     
[36mreturn[39m originalJson
[33m.[39mcall([36mthis[39
m[33m.[39mstatus([35m500[
39m)[33m,[39m { 
error[33m:[39m 
[32m'Internal server error: 
Response validation 
failed'[39m })[33m;[39m
         [90m    |[39m     
                             
                 
[31m[1m^[22m[39m
         [90m 52 |[39m     
            }
         [90m 53 |[39m     
            [90m// In rare 
cases where another error 
happens, just throw[39m
         [90m 54 |[39m     
            [36mreturn[39m 
originalJson[33m.[39mcall(
[36mthis[39m[33m.[39mstatu
s([35m500[39m)[33m,[39m 
{ error[33m:[39m 
[32m'Internal server 
error'[39m })[33m;[39m[0m

      at status (src/middlewa
re/validate.js:51:51)
      at Object.<anonymous> (
node_modules/expect/build/ind
ex.js:1824:9)
      at 
Object.throwingMatcher [as 
toThrow] (node_modules/expect
/build/index.js:2235:93)
      at Object.toThrow (src/
__tests__/validate.test.js:72
:34)
      at Object.toThrow (src/
__tests__/validate.test.js:72
:34)

PASS tests/unit/errorHandler.
test.js
  ΓùÅ Console

    console.error
      Error: Boom
          at C:\Users\pc\Docu
ments\waves\Liquifact-backend
\tests\unit\errorHandler.test
.js:8:15
          at 
Layer.handleRequest (C:\Users
\pc\Documents\waves\Liquifact
-backend\node_modules\router\
lib\layer.js:152:17)
          at next (C:\Users\p
c\Documents\waves\Liquifact-b
ackend\node_modules\router\li
b\route.js:157:13)
          at Route.dispatch (
C:\Users\pc\Documents\waves\L
iquifact-backend\node_modules
\router\lib\route.js:117:3)
          at handle (C:\Users
\pc\Documents\waves\Liquifact
-backend\node_modules\router\
index.js:435:11)
          at 
Layer.handleRequest (C:\Users
\pc\Documents\waves\Liquifact
-backend\node_modules\router\
lib\layer.js:152:17)
          at C:\Users\pc\Docu
ments\waves\Liquifact-backend
\node_modules\router\index.js
:295:15
          at processParams (C
:\Users\pc\Documents\waves\Li
quifact-backend\node_modules\
router\index.js:582:12)
          at next (C:\Users\p
c\Documents\waves\Liquifact-b
ackend\node_modules\router\in
dex.js:291:5)
          at read (C:\Users\p
c\Documents\waves\Liquifact-b
ackend\node_modules\body-pars
er\lib\read.js:53:5)
          at jsonParser (C:\U
sers\pc\Documents\waves\Liqui
fact-backend\node_modules\bod
y-parser\lib\types\json.js:88
:5)
          at 
Layer.handleRequest (C:\Users
\pc\Documents\waves\Liquifact
-backend\node_modules\router\
lib\layer.js:152:17)
          at trimPrefix (C:\U
sers\pc\Documents\waves\Liqui
fact-backend\node_modules\rou
ter\index.js:342:13)
          at C:\Users\pc\Docu
ments\waves\Liquifact-backend
\node_modules\router\index.js
:297:9
          at processParams (C
:\Users\pc\Documents\waves\Li
quifact-backend\node_modules\
router\index.js:582:12)
          at next (C:\Users\p
c\Documents\waves\Liquifact-b
ackend\node_modules\router\in
dex.js:291:5)
          at Function.handle 
(C:\Users\pc\Documents\waves\
Liquifact-backend\node_module
s\router\index.js:186:3)
          at Function.handle 
(C:\Users\pc\Documents\waves\
Liquifact-backend\node_module
s\express\lib\application.js:
177:15)
          at Server.app (C:\U
sers\pc\Documents\waves\Liqui
fact-backend\node_modules\exp
ress\lib\express.js:38:9)
          at Server.emit 
(node:events:519:28)
          at 
parserOnIncoming 
(node:_http_server:1186:12)
          at HTTPParser.parse
rOnHeadersComplete 
(node:_http_common:122:17)

    [0m [90m 4 |[39m 
[90m */[39m
     [90m 5 |[39m 
[36mconst[39m errorHandler 
[33m=[39m (err[33m,[39m 
req[33m,[39m 
res[33m,[39m _next) 
[33m=>[39m {
    
[31m[1m>[22m[39m[90m 6 
|[39m   console[33m.[39mer
ror(err)[33m;[39m
     [90m   |[39m          
 [31m[1m^[22m[39m
     [90m 7 |[39m
     [90m 8 |[39m   
[36mconst[39m statusCode 
[33m=[39m 
err[33m.[39mstatusCode 
[33m||[39m 
[35m500[39m[33m;[39m
     [90m 9 |[39m[0m

      at error (src/middlewar
e/errorHandler.js:6:11)
      at Layer.handleError (n
ode_modules/router/lib/layer.
js:116:17)
      at trimPrefix (node_mod
ules/router/index.js:340:13)
      at node_modules/router/
index.js:297:9
      at processParams (node_
modules/router/index.js:582:1
2)
      at next (node_modules/r
outer/index.js:291:5)
      at next (node_modules/r
outer/lib/route.js:132:14)
      at Layer.handleRequest 
(node_modules/router/lib/laye
r.js:165:5)
      at next (node_modules/r
outer/lib/route.js:157:13)
      at Route.dispatch (node
_modules/router/lib/route.js:
117:3)
      at handle (node_modules
/router/index.js:435:11)
      at Layer.handleRequest 
(node_modules/router/lib/laye
r.js:152:17)
      at node_modules/router/
index.js:295:15
      at processParams (node_
modules/router/index.js:582:1
2)
      at next (node_modules/r
outer/index.js:291:5)
      at read (node_modules/b
ody-parser/lib/read.js:53:5)
      at jsonParser (node_mod
ules/body-parser/lib/types/js
on.js:88:5)
      at Layer.handleRequest 
(node_modules/router/lib/laye
r.js:152:17)
      at trimPrefix (node_mod
ules/router/index.js:342:13)
      at node_modules/router/
index.js:297:9
      at processParams (node_
modules/router/index.js:582:1
2)
      at next (node_modules/r
outer/index.js:291:5)
      at Function.handle (nod
e_modules/router/index.js:186
:3)
      at Function.handle (nod
e_modules/express/lib/applica
tion.js:177:15)
      at Server.app (node_mod
ules/express/lib/express.js:3
8:9)

    console.error
      Error: Bad Request
          at C:\Users\pc\Docu
ments\waves\Liquifact-backend
\tests\unit\errorHandler.test
.js:21:21
          at 
Layer.handleRequest (C:\Users
\pc\Documents\waves\Liquifact
-backend\node_modules\router\
lib\layer.js:152:17)
          at next (C:\Users\p
c\Documents\waves\Liquifact-b
ackend\node_modules\router\li
b\route.js:157:13)
          at Route.dispatch (
C:\Users\pc\Documents\waves\L
iquifact-backend\node_modules
\router\lib\route.js:117:3)
          at handle (C:\Users
\pc\Documents\waves\Liquifact
-backend\node_modules\router\
index.js:435:11)
          at 
Layer.handleRequest (C:\Users
\pc\Documents\waves\Liquifact
-backend\node_modules\router\
lib\layer.js:152:17)
          at C:\Users\pc\Docu
ments\waves\Liquifact-backend
\node_modules\router\index.js
:295:15
          at processParams (C
:\Users\pc\Documents\waves\Li
quifact-backend\node_modules\
router\index.js:582:12)
          at next (C:\Users\p
c\Documents\waves\Liquifact-b
ackend\node_modules\router\in
dex.js:291:5)
          at read (C:\Users\p
c\Documents\waves\Liquifact-b
ackend\node_modules\body-pars
er\lib\read.js:53:5)
          at jsonParser (C:\U
sers\pc\Documents\waves\Liqui
fact-backend\node_modules\bod
y-parser\lib\types\json.js:88
:5)
          at 
Layer.handleRequest (C:\Users
\pc\Documents\waves\Liquifact
-backend\node_modules\router\
lib\layer.js:152:17)
          at trimPrefix (C:\U
sers\pc\Documents\waves\Liqui
fact-backend\node_modules\rou
ter\index.js:342:13)
          at C:\Users\pc\Docu
ments\waves\Liquifact-backend
\node_modules\router\index.js
:297:9
          at processParams (C
:\Users\pc\Documents\waves\Li
quifact-backend\node_modules\
router\index.js:582:12)
          at next (C:\Users\p
c\Documents\waves\Liquifact-b
ackend\node_modules\router\in
dex.js:291:5)
          at Function.handle 
(C:\Users\pc\Documents\waves\
Liquifact-backend\node_module
s\router\index.js:186:3)
          at Function.handle 
(C:\Users\pc\Documents\waves\
Liquifact-backend\node_module
s\express\lib\application.js:
177:15)
          at Server.app (C:\U
sers\pc\Documents\waves\Liqui
fact-backend\node_modules\exp
ress\lib\express.js:38:9)
          at Server.emit 
(node:events:519:28)
          at 
parserOnIncoming 
(node:_http_server:1186:12)
          at HTTPParser.parse
rOnHeadersComplete 
(node:_http_common:122:17) {
        statusCode: 400
      }

    [0m [90m 4 |[39m 
[90m */[39m
     [90m 5 |[39m 
[36mconst[39m errorHandler 
[33m=[39m (err[33m,[39m 
req[33m,[39m 
res[33m,[39m _next) 
[33m=>[39m {
    
[31m[1m>[22m[39m[90m 6 
|[39m   console[33m.[39mer
ror(err)[33m;[39m
     [90m   |[39m          
 [31m[1m^[22m[39m
     [90m 7 |[39m
     [90m 8 |[39m   
[36mconst[39m statusCode 
[33m=[39m 
err[33m.[39mstatusCode 
[33m||[39m 
[35m500[39m[33m;[39m
     [90m 9 |[39m[0m

      at error (src/middlewar
e/errorHandler.js:6:11)
      at Layer.handleError (n
ode_modules/router/lib/layer.
js:116:17)
      at trimPrefix (node_mod
ules/router/index.js:340:13)
      at node_modules/router/
index.js:297:9
      at processParams (node_
modules/router/index.js:582:1
2)
      at next (node_modules/r
outer/index.js:291:5)
      at next (node_modules/r
outer/lib/route.js:132:14)
      at Layer.handleRequest 
(node_modules/router/lib/laye
r.js:165:5)
      at next (node_modules/r
outer/lib/route.js:157:13)
      at Route.dispatch (node
_modules/router/lib/route.js:
117:3)
      at handle (node_modules
/router/index.js:435:11)
      at Layer.handleRequest 
(node_modules/router/lib/laye
r.js:152:17)
      at node_modules/router/
index.js:295:15
      at processParams (node_
modules/router/index.js:582:1
2)
      at next (node_modules/r
outer/index.js:291:5)
      at read (node_modules/b
ody-parser/lib/read.js:53:5)
      at jsonParser (node_mod
ules/body-parser/lib/types/js
on.js:88:5)
      at Layer.handleRequest 
(node_modules/router/lib/laye
r.js:152:17)
      at trimPrefix (node_mod
ules/router/index.js:342:13)
      at node_modules/router/
index.js:297:9
      at processParams (node_
modules/router/index.js:582:1
2)
      at next (node_modules/r
outer/index.js:291:5)
      at Function.handle (nod
e_modules/router/index.js:186
:3)
      at Function.handle (nod
e_modules/express/lib/applica
tion.js:177:15)
      at Server.app (node_mod
ules/express/lib/express.js:3
8:9)

    console.error
      Error: Sensitive
          at C:\Users\pc\Docu
ments\waves\Liquifact-backend
\tests\unit\errorHandler.test
.js:38:15
          at 
Layer.handleRequest (C:\Users
\pc\Documents\waves\Liquifact
-backend\node_modules\router\
lib\layer.js:152:17)
          at next (C:\Users\p
c\Documents\waves\Liquifact-b
ackend\node_modules\router\li
b\route.js:157:13)
          at Route.dispatch (
C:\Users\pc\Documents\waves\L
iquifact-backend\node_modules
\router\lib\route.js:117:3)
          at handle (C:\Users
\pc\Documents\waves\Liquifact
-backend\node_modules\router\
index.js:435:11)
          at 
Layer.handleRequest (C:\Users
\pc\Documents\waves\Liquifact
-backend\node_modules\router\
lib\layer.js:152:17)
          at C:\Users\pc\Docu
ments\waves\Liquifact-backend
\node_modules\router\index.js
:295:15
          at processParams (C
:\Users\pc\Documents\waves\Li
quifact-backend\node_modules\
router\index.js:582:12)
          at next (C:\Users\p
c\Documents\waves\Liquifact-b
ackend\node_modules\router\in
dex.js:291:5)
          at read (C:\Users\p
c\Documents\waves\Liquifact-b
ackend\node_modules\body-pars
er\lib\read.js:53:5)
          at jsonParser (C:\U
sers\pc\Documents\waves\Liqui
fact-backend\node_modules\bod
y-parser\lib\types\json.js:88
:5)
          at 
Layer.handleRequest (C:\Users
\pc\Documents\waves\Liquifact
-backend\node_modules\router\
lib\layer.js:152:17)
          at trimPrefix (C:\U
sers\pc\Documents\waves\Liqui
fact-backend\node_modules\rou
ter\index.js:342:13)
          at C:\Users\pc\Docu
ments\waves\Liquifact-backend
\node_modules\router\index.js
:297:9
          at processParams (C
:\Users\pc\Documents\waves\Li
quifact-backend\node_modules\
router\index.js:582:12)
          at next (C:\Users\p
c\Documents\waves\Liquifact-b
ackend\node_modules\router\in
dex.js:291:5)
          at Function.handle 
(C:\Users\pc\Documents\waves\
Liquifact-backend\node_module
s\router\index.js:186:3)
          at Function.handle 
(C:\Users\pc\Documents\waves\
Liquifact-backend\node_module
s\express\lib\application.js:
177:15)
          at Server.app (C:\U
sers\pc\Documents\waves\Liqui
fact-backend\node_modules\exp
ress\lib\express.js:38:9)
          at Server.emit 
(node:events:519:28)
          at 
parserOnIncoming 
(node:_http_server:1186:12)
          at HTTPParser.parse
rOnHeadersComplete 
(node:_http_common:122:17)

    [0m [90m 4 |[39m 
[90m */[39m
     [90m 5 |[39m 
[36mconst[39m errorHandler 
[33m=[39m (err[33m,[39m 
req[33m,[39m 
res[33m,[39m _next) 
[33m=>[39m {
    
[31m[1m>[22m[39m[90m 6 
|[39m   console[33m.[39mer
ror(err)[33m;[39m
     [90m   |[39m          
 [31m[1m^[22m[39m
     [90m 7 |[39m
     [90m 8 |[39m   
[36mconst[39m statusCode 
[33m=[39m 
err[33m.[39mstatusCode 
[33m||[39m 
[35m500[39m[33m;[39m
     [90m 9 |[39m[0m

      at error (src/middlewar
e/errorHandler.js:6:11)
      at Layer.handleError (n
ode_modules/router/lib/layer.
js:116:17)
      at trimPrefix (node_mod
ules/router/index.js:340:13)
      at node_modules/router/
index.js:297:9
      at processParams (node_
modules/router/index.js:582:1
2)
      at next (node_modules/r
outer/index.js:291:5)
      at next (node_modules/r
outer/lib/route.js:132:14)
      at Layer.handleRequest 
(node_modules/router/lib/laye
r.js:165:5)
      at next (node_modules/r
outer/lib/route.js:157:13)
      at Route.dispatch (node
_modules/router/lib/route.js:
117:3)
      at handle (node_modules
/router/index.js:435:11)
      at Layer.handleRequest 
(node_modules/router/lib/laye
r.js:152:17)
      at node_modules/router/
index.js:295:15
      at processParams (node_
modules/router/index.js:582:1
2)
      at next (node_modules/r
outer/index.js:291:5)
      at read (node_modules/b
ody-parser/lib/read.js:53:5)
      at jsonParser (node_mod
ules/body-parser/lib/types/js
on.js:88:5)
      at Layer.handleRequest 
(node_modules/router/lib/laye
r.js:152:17)
      at trimPrefix (node_mod
ules/router/index.js:342:13)
      at node_modules/router/
index.js:297:9
      at processParams (node_
modules/router/index.js:582:1
2)
      at next (node_modules/r
outer/index.js:291:5)
      at Function.handle (nod
e_modules/router/index.js:186
:3)
      at Function.handle (nod
e_modules/express/lib/applica
tion.js:177:15)
      at Server.app (node_mod
ules/express/lib/express.js:3
8:9)

PASS tests/app.test.js
  ΓùÅ Console

    console.error
      Error: Boom
          at C:\Users\pc\Docu
ments\waves\Liquifact-backend
\tests\app.test.js:20:11
          at fn (C:\Users\pc\
Documents\waves\Liquifact-bac
kend\src\utils\asyncHandler.j
s:10:21)
          at 
Layer.handleRequest (C:\Users
\pc\Documents\waves\Liquifact
-backend\node_modules\router\
lib\layer.js:152:17)
          at next (C:\Users\p
c\Documents\waves\Liquifact-b
ackend\node_modules\router\li
b\route.js:157:13)
          at Route.dispatch (
C:\Users\pc\Documents\waves\L
iquifact-backend\node_modules
\router\lib\route.js:117:3)
          at handle (C:\Users
\pc\Documents\waves\Liquifact
-backend\node_modules\router\
index.js:435:11)
          at 
Layer.handleRequest (C:\Users
\pc\Documents\waves\Liquifact
-backend\node_modules\router\
lib\layer.js:152:17)
          at C:\Users\pc\Docu
ments\waves\Liquifact-backend
\node_modules\router\index.js
:295:15
          at processParams (C
:\Users\pc\Documents\waves\Li
quifact-backend\node_modules\
router\index.js:582:12)
          at next (C:\Users\p
c\Documents\waves\Liquifact-b
ackend\node_modules\router\in
dex.js:291:5)
          at read (C:\Users\p
c\Documents\waves\Liquifact-b
ackend\node_modules\body-pars
er\lib\read.js:53:5)
          at jsonParser (C:\U
sers\pc\Documents\waves\Liqui
fact-backend\node_modules\bod
y-parser\lib\types\json.js:88
:5)
          at 
Layer.handleRequest (C:\Users
\pc\Documents\waves\Liquifact
-backend\node_modules\router\
lib\layer.js:152:17)
          at trimPrefix (C:\U
sers\pc\Documents\waves\Liqui
fact-backend\node_modules\rou
ter\index.js:342:13)
          at C:\Users\pc\Docu
ments\waves\Liquifact-backend
\node_modules\router\index.js
:297:9
          at processParams (C
:\Users\pc\Documents\waves\Li
quifact-backend\node_modules\
router\index.js:582:12)
          at next (C:\Users\p
c\Documents\waves\Liquifact-b
ackend\node_modules\router\in
dex.js:291:5)
          at Function.handle 
(C:\Users\pc\Documents\waves\
Liquifact-backend\node_module
s\router\index.js:186:3)
          at Function.handle 
(C:\Users\pc\Documents\waves\
Liquifact-backend\node_module
s\express\lib\application.js:
177:15)
          at Server.app (C:\U
sers\pc\Documents\waves\Liqui
fact-backend\node_modules\exp
ress\lib\express.js:38:9)
          at Server.emit 
(node:events:519:28)
          at 
parserOnIncoming 
(node:_http_server:1186:12)
          at HTTPParser.parse
rOnHeadersComplete 
(node:_http_common:122:17)

    [0m [90m 4 |[39m 
[90m */[39m
     [90m 5 |[39m 
[36mconst[39m errorHandler 
[33m=[39m (err[33m,[39m 
req[33m,[39m 
res[33m,[39m _next) 
[33m=>[39m {
    
[31m[1m>[22m[39m[90m 6 
|[39m   console[33m.[39mer
ror(err)[33m;[39m
     [90m   |[39m          
 [31m[1m^[22m[39m
     [90m 7 |[39m
     [90m 8 |[39m   
[36mconst[39m statusCode 
[33m=[39m 
err[33m.[39mstatusCode 
[33m||[39m 
[35m500[39m[33m;[39m
     [90m 9 |[39m[0m

      at error (src/middlewar
e/errorHandler.js:6:11)
      at Layer.handleError (n
ode_modules/router/lib/layer.
js:116:17)
      at trimPrefix (node_mod
ules/router/index.js:340:13)
      at node_modules/router/
index.js:297:9
      at processParams (node_
modules/router/index.js:582:1
2)
      at next (node_modules/r
outer/index.js:291:5)
      at next (node_modules/r
outer/lib/route.js:132:14)

FAIL src/__tests__/rateLimit.
test.js
  ΓùÅ Console

    console.log
      [dotenv@17.3.1] 
injecting env (0) from .env 
-- tip: ≡ƒñû agentic secret 
storage: 
https://dotenvx.com/as2

      at _log (node_modules/d
otenv/lib/main.js:139:11)

  ΓùÅ Rate Limiting 
Middleware ΓÇ║ should return 
200 for health check (global 
limiter allows many)

    TypeError: app.address 
is not a function

    [0m [90m  8 |[39m
     [90m  9 |[39m     
it([32m'should return 200 
for health check (global 
limiter allows 
many)'[39m[33m,[39m 
[36masync[39m () 
[33m=>[39m {
    
[31m[1m>[22m[39m[90m 10 
|[39m         
[36mconst[39m response 
[33m=[39m [36mawait[39m r
equest(app)[33m.[39m[36mge
t[39m([32m'/health'[39m)[
33m;[39m
     [90m    |[39m         
                             
       [31m[1m^[22m[39m
     [90m 11 |[39m         
expect(response[33m.[39msta
tus)[33m.[39mtoBe([35m200
[39m)[33m;[39m
     [90m 12 |[39m         
expect(response[33m.[39mhea
ders)[33m.[39mtoHavePropert
y([32m'ratelimit-limit'[39m
)[33m;[39m
     [90m 13 |[39m     
})[33m;[39m[0m

      at Test.serverAddress (
node_modules/supertest/lib/te
st.js:61:22)
      at new Test (node_modul
es/supertest/lib/test.js:49:1
4)
      at 
Object.obj.<computed> [as 
get] (node_modules/supertest/
index.js:40:18)
      at Object.get (src/__te
sts__/rateLimit.test.js:10:45
)

  ΓùÅ Rate Limiting 
Middleware ΓÇ║ Sensitive 
Operations Throttling - POST 
/api/invoices ΓÇ║ should 
allow up to 10 requests and 
then return 429 Too Many 
Requests

    TypeError: app.address 
is not a function

    [0m [90m 22 |[39m     
        [36mfor[39m 
([36mlet[39m i [33m=[39m 
[35m0[39m[33m;[39m i 
[33m<[39m 
[35m10[39m[33m;[39m 
i[33m++[39m) {
     [90m 23 |[39m         
        [36mconst[39m 
response [33m=[39m 
[36mawait[39m request(app)
    
[31m[1m>[22m[39m[90m 24 
|[39m                     [
33m.[39mpost([32m'/api/invo
ices'[39m)
     [90m    |[39m         
             
[31m[1m^[22m[39m
     [90m 25 |[39m         
            [33m.[39m[36ms
et[39m([32m'Authorization'
[39m[33m,[39m [32m`Bearer 
${validToken}`[39m)
     [90m 26 |[39m         
            [33m.[39msend({
})[33m;[39m
     [90m 27 |[39m[0m

      at Test.serverAddress (
node_modules/supertest/lib/te
st.js:61:22)
      at new Test (node_modul
es/supertest/lib/test.js:49:1
4)
      at 
Object.obj.<computed> [as 
post] (node_modules/supertest
/index.js:40:18)
      at Object.post (src/__t
ests__/rateLimit.test.js:24:2
2)

PASS 
src/services/soroban.test.js
FAIL 
src/__tests__/auth.test.js
  ΓùÅ Console

    console.log
      [dotenv@17.3.1] 
injecting env (0) from .env 
-- tip: ΓÜÖ∩╕Å  override 
existing env vars with { 
override: true }

      at _log (node_modules/d
otenv/lib/main.js:139:11)

  ΓùÅ Authentication 
Middleware ΓÇ║ Route 
Protection - POST 
/api/invoices ΓÇ║ should 
return 401 when no token is 
provided

    TypeError: app.address 
is not a function

    [0m [90m 16 |[39m     
describe([32m'Route 
Protection - POST /api/invoic
es'[39m[33m,[39m () 
[33m=>[39m {
     [90m 17 |[39m         
it([32m'should return 401 
when no token is 
provided'[39m[33m,[39m 
[36masync[39m () 
[33m=>[39m {
    
[31m[1m>[22m[39m[90m 18 
|[39m             
[36mconst[39m response 
[33m=[39m [36mawait[39m r
equest(app)[33m.[39mpost([
32m'/api/invoices'[39m)[33m
.[39msend({})[33m;[39m
     [90m    |[39m         
                             
           
[31m[1m^[22m[39m
     [90m 19 |[39m         
    expect(response[33m.[39
mstatus)[33m.[39mtoBe([35m
401[39m)[33m;[39m
     [90m 20 |[39m         
    expect(response[33m.[39
mbody[33m.[39merror)[33m.
[39mtoBe([32m'Authentication
 token is 
required'[39m)[33m;[39m
     [90m 21 |[39m         
})[33m;[39m[0m

      at Test.serverAddress (
node_modules/supertest/lib/te
st.js:61:22)
      at new Test (node_modul
es/supertest/lib/test.js:49:1
4)
      at 
Object.obj.<computed> [as 
post] (node_modules/supertest
/index.js:40:18)
      at Object.post (src/__t
ests__/auth.test.js:18:49)

  ΓùÅ Authentication 
Middleware ΓÇ║ Route 
Protection - POST 
/api/invoices ΓÇ║ should 
return 401 when token format 
is invalid (missing Bearer)

    TypeError: app.address 
is not a function

    [0m [90m 23 |[39m     
    it([32m'should return 
401 when token format is 
invalid (missing 
Bearer)'[39m[33m,[39m 
[36masync[39m () 
[33m=>[39m {
     [90m 24 |[39m         
    [36mconst[39m response 
[33m=[39m [36mawait[39m 
request(app)
    
[31m[1m>[22m[39m[90m 25 
|[39m                 [33m.
[39mpost([32m'/api/invoices
'[39m)
     [90m    |[39m         
         [31m[1m^[22m[39m
     [90m 26 |[39m         
        [33m.[39m[36mset[
39m([32m'Authorization'[39m
[33m,[39m [32m`FakeBearer 
${validToken}`[39m)
     [90m 27 |[39m         
        [33m.[39msend({})[
33m;[39m
     [90m 28 |[39m         
    expect(response[33m.[39
mstatus)[33m.[39mtoBe([35m
401[39m)[33m;[39m[0m

      at Test.serverAddress (
node_modules/supertest/lib/te
st.js:61:22)
      at new Test (node_modul
es/supertest/lib/test.js:49:1
4)
      at 
Object.obj.<computed> [as 
post] (node_modules/supertest
/index.js:40:18)
      at Object.post (src/__t
ests__/auth.test.js:25:18)

  ΓùÅ Authentication 
Middleware ΓÇ║ Route 
Protection - POST 
/api/invoices ΓÇ║ should 
return 401 when 
authorization header is 
malformed (no space)

    TypeError: app.address 
is not a function

    [0m [90m 32 |[39m     
    it([32m'should return 
401 when authorization 
header is malformed (no 
space)'[39m[33m,[39m 
[36masync[39m () 
[33m=>[39m {
     [90m 33 |[39m         
    [36mconst[39m response 
[33m=[39m [36mawait[39m 
request(app)
    
[31m[1m>[22m[39m[90m 34 
|[39m                 [33m.
[39mpost([32m'/api/invoices
'[39m)
     [90m    |[39m         
         [31m[1m^[22m[39m
     [90m 35 |[39m         
        [33m.[39m[36mset[
39m([32m'Authorization'[39m
[33m,[39m [32m`Bearer${val
idToken}`[39m)
     [90m 36 |[39m         
        [33m.[39msend({})[
33m;[39m
     [90m 37 |[39m         
    expect(response[33m.[39
mstatus)[33m.[39mtoBe([35m
401[39m)[33m;[39m[0m

      at Test.serverAddress (
node_modules/supertest/lib/te
st.js:61:22)
      at new Test (node_modul
es/supertest/lib/test.js:49:1
4)
      at 
Object.obj.<computed> [as 
post] (node_modules/supertest
/index.js:40:18)
      at Object.post (src/__t
ests__/auth.test.js:34:18)

  ΓùÅ Authentication 
Middleware ΓÇ║ Route 
Protection - POST 
/api/invoices ΓÇ║ should 
return 401 when token is 
invalid

    TypeError: app.address 
is not a function

    [0m [90m 41 |[39m     
    it([32m'should return 
401 when token is 
invalid'[39m[33m,[39m 
[36masync[39m () 
[33m=>[39m {
     [90m 42 |[39m         
    [36mconst[39m response 
[33m=[39m [36mawait[39m 
request(app)
    
[31m[1m>[22m[39m[90m 43 
|[39m                 [33m.
[39mpost([32m'/api/invoices
'[39m)
     [90m    |[39m         
         [31m[1m^[22m[39m
     [90m 44 |[39m         
        [33m.[39m[36mset[
39m([32m'Authorization'[39m
[33m,[39m [32m'Bearer 
some.invalid.token'[39m)
     [90m 45 |[39m         
        [33m.[39msend({})[
33m;[39m
     [90m 46 |[39m         
    expect(response[33m.[39
mstatus)[33m.[39mtoBe([35m
401[39m)[33m;[39m[0m

      at Test.serverAddress (
node_modules/supertest/lib/te
st.js:61:22)
      at new Test (node_modul
es/supertest/lib/test.js:49:1
4)
      at 
Object.obj.<computed> [as 
post] (node_modules/supertest
/index.js:40:18)
      at Object.post (src/__t
ests__/auth.test.js:43:18)

  ΓùÅ Authentication 
Middleware ΓÇ║ Route 
Protection - POST 
/api/invoices ΓÇ║ should 
return 401 when token is 
expired

    TypeError: app.address 
is not a function

    [0m [90m 50 |[39m     
    it([32m'should return 
401 when token is 
expired'[39m[33m,[39m 
[36masync[39m () 
[33m=>[39m {
     [90m 51 |[39m         
    [36mconst[39m response 
[33m=[39m [36mawait[39m 
request(app)
    
[31m[1m>[22m[39m[90m 52 
|[39m                 [33m.
[39mpost([32m'/api/invoices
'[39m)
     [90m    |[39m         
         [31m[1m^[22m[39m
     [90m 53 |[39m         
        [33m.[39m[36mset[
39m([32m'Authorization'[39m
[33m,[39m [32m`Bearer 
${expiredToken}`[39m)
     [90m 54 |[39m         
        [33m.[39msend({})[
33m;[39m
     [90m 55 |[39m         
    expect(response[33m.[39
mstatus)[33m.[39mtoBe([35m
401[39m)[33m;[39m[0m

      at Test.serverAddress (
node_modules/supertest/lib/te
st.js:61:22)
      at new Test (node_modul
es/supertest/lib/test.js:49:1
4)
      at 
Object.obj.<computed> [as 
post] (node_modules/supertest
/index.js:40:18)
      at Object.post (src/__t
ests__/auth.test.js:52:18)

  ΓùÅ Authentication 
Middleware ΓÇ║ Route 
Protection - POST 
/api/invoices ΓÇ║ should 
return 201 when a valid 
token is provided

    TypeError: app.address 
is not a function

    [0m [90m 59 |[39m     
    it([32m'should return 
201 when a valid token is 
provided'[39m[33m,[39m 
[36masync[39m () 
[33m=>[39m {
     [90m 60 |[39m         
    [36mconst[39m response 
[33m=[39m [36mawait[39m 
request(app)
    
[31m[1m>[22m[39m[90m 61 
|[39m                 [33m.
[39mpost([32m'/api/invoices
'[39m)
     [90m    |[39m         
         [31m[1m^[22m[39m
     [90m 62 |[39m         
        [33m.[39m[36mset[
39m([32m'Authorization'[39m
[33m,[39m [32m`Bearer 
${validToken}`[39m)
     [90m 63 |[39m         
        [33m.[39msend({})[
33m;[39m
     [90m 64 |[39m         
    expect(response[33m.[39
mstatus)[33m.[39mtoBe([35m
201[39m)[33m;[39m[0m

      at Test.serverAddress (
node_modules/supertest/lib/te
st.js:61:22)
      at new Test (node_modul
es/supertest/lib/test.js:49:1
4)
      at 
Object.obj.<computed> [as 
post] (node_modules/supertest
/index.js:40:18)
      at Object.post (src/__t
ests__/auth.test.js:61:18)

  ΓùÅ Authentication 
Middleware ΓÇ║ Route 
Protection - POST 
/api/escrow ΓÇ║ should allow 
escrow operations with valid 
token

    TypeError: app.address 
is not a function

    [0m [90m 70 |[39m     
    it([32m'should allow 
escrow operations with valid 
token'[39m[33m,[39m 
[36masync[39m () 
[33m=>[39m {
     [90m 71 |[39m         
    [36mconst[39m response 
[33m=[39m [36mawait[39m 
request(app)
    
[31m[1m>[22m[39m[90m 72 
|[39m                 [33m.
[39mpost([32m'/api/escrow'
[39m)
     [90m    |[39m         
         [31m[1m^[22m[39m
     [90m 73 |[39m         
        [33m.[39m[36mset[
39m([32m'Authorization'[39m
[33m,[39m [32m`Bearer 
${validToken}`[39m)
     [90m 74 |[39m         
        [33m.[39msend({})[
33m;[39m
     [90m 75 |[39m         
    expect(response[33m.[39
mstatus)[33m.[39mtoBe([35m
200[39m)[33m;[39m[0m

      at Test.serverAddress (
node_modules/supertest/lib/te
st.js:61:22)
      at new Test (node_modul
es/supertest/lib/test.js:49:1
4)
      at 
Object.obj.<computed> [as 
post] (node_modules/supertest
/index.js:40:18)
      at Object.post (src/__t
ests__/auth.test.js:72:18)

  ΓùÅ Authentication 
Middleware ΓÇ║ Route 
Protection - POST 
/api/escrow ΓÇ║ should 
reject escrow operations 
without token

    TypeError: app.address 
is not a function

    [0m [90m 79 |[39m     
    it([32m'should reject 
escrow operations without 
token'[39m[33m,[39m 
[36masync[39m () 
[33m=>[39m {
     [90m 80 |[39m         
    [36mconst[39m response 
[33m=[39m [36mawait[39m 
request(app)
    
[31m[1m>[22m[39m[90m 81 
|[39m                 [33m.
[39mpost([32m'/api/escrow'
[39m)
     [90m    |[39m         
         [31m[1m^[22m[39m
     [90m 82 |[39m         
        [33m.[39msend({})[
33m;[39m
     [90m 83 |[39m         
    expect(response[33m.[39
mstatus)[33m.[39mtoBe([35m
401[39m)[33m;[39m
     [90m 84 |[39m         
})[33m;[39m[0m

      at Test.serverAddress (
node_modules/supertest/lib/te
st.js:61:22)
      at new Test (node_modul
es/supertest/lib/test.js:49:1
4)
      at 
Object.obj.<computed> [as 
post] (node_modules/supertest
/index.js:40:18)
      at Object.post (src/__t
ests__/auth.test.js:81:18)

PASS src/index.test.js
  ΓùÅ Console

    console.log
      [dotenv@17.3.1] 
injecting env (0) from .env 
-- tip: ≡ƒöÉ encrypt with 
Dotenvx: https://dotenvx.com

      at _log (node_modules/d
otenv/lib/main.js:139:11)

    console.warn
      LiquiFact API running 
at http://localhost:3001

    [0m [90m 250 |[39m 
[36mconst[39m startServer 
[33m=[39m () [33m=>[39m {
     [90m 251 |[39m   
[36mconst[39m server 
[33m=[39m app[33m.[39mlis
ten([33mPORT[39m[33m,[39m
 () [33m=>[39m {
    
[31m[1m>[22m[39m[90m 
252 |[39m     console[33m.
[39mwarn([32m`LiquiFact API 
running at http://localhost:$
{PORT}`[39m)[33m;[39m
     [90m     |[39m        
     [31m[1m^[22m[39m
     [90m 253 |[39m   
})[33m;[39m
     [90m 254 |[39m   
[36mreturn[39m 
server[33m;[39m
     [90m 255 |[39m 
}[33m;[39m[0m

      at warn 
(src/index.js:252:13)
      at Function.cb 
(src/index.test.js:135:19)
      at listen 
(src/index.js:251:22)
      at Object.startServer 
(src/index.test.js:139:22)

PASS src/config/cors.test.js
PASS src/utils/retry.test.js

Test Suites: 3 failed, 9 
passed, 12 total
Tests:       12 failed, 64 
passed, 76 total
Snapshots:   0 total
Time:        4.647 s
Ran all test suites.
